../Core/Src/main.c:69:6:Send_USART_String	16	static
../Core/Src/main.c:130:7:PID_Loc	56	static
../Core/Src/main.c:163:7:PID_Loc1	56	static
../Core/Src/main.c:203:5:extractZXData	96	static
../Core/Src/main.c:234:5:extractData	48	static
../Core/Src/main.c:264:6:parse_data	24	static
../Core/Src/main.c:279:6:Right_Motor_Forward	8	static
../Core/Src/main.c:285:6:Right_Motor_Reverse	8	static
../Core/Src/main.c:291:6:Left_Motor_Forward	8	static
../Core/Src/main.c:296:6:Left_Motor_Reverse	8	static
F:\stm32cube\STM32CubeIDE_1.17.0\STM32CubeIDE\plugins\com.st.stm32cube.ide.mcu.externaltools.gnu-tools-for-stm32.10.3-2021.10.win32_1.2.0.202410251133\tools\bin/../lib/gcc/arm-none-eabi/10.3.1/../../../../arm-none-eabi/include/stdio.h:214:5:fputc	24	static
F:\stm32cube\STM32CubeIDE_1.17.0\STM32CubeIDE\plugins\com.st.stm32cube.ide.mcu.externaltools.gnu-tools-for-stm32.10.3-2021.10.win32_1.2.0.202410251133\tools\bin/../lib/gcc/arm-none-eabi/10.3.1/../../../../arm-none-eabi/include/stdio.h:212:5:fgetc	24	static
../Core/Src/main.c:332:5:main	256	dynamic
../Core/Src/main.c:819:6:SystemClock_Config	72	static
../Core/Src/main.c:855:5:getTIMx_DetaCnt	40	static
../Core/Src/main.c:865:9:Get_Right_Motor_Speed	16	static
../Core/Src/main.c:880:9:Get_Left_Motor_Speed	16	static
../Core/Src/main.c:897:6:Get_Motor_Speed	1032	static
../Core/Src/main.c:964:6:HAL_TIM_PeriodElapsedCallback	16	static
../Core/Src/main.c:1117:6:Error_Handler	4	static,ignoring_inline_asm
