../Drivers/BSP/LCD/lcd_ex.c:39:6:lcd_ex_st7789_reginit	8	static
../Drivers/BSP/LCD/lcd_ex.c:138:6:lcd_ex_ili9341_reginit	8	static
../Drivers/BSP/LCD/lcd_ex.c:240:6:lcd_ex_nt35310_reginit	8	static
../Drivers/BSP/LCD/lcd_ex.c:926:6:lcd_ex_st7796_reginit	8	static
../Drivers/BSP/LCD/lcd_ex.c:1030:6:lcd_ex_nt35510_reginit	8	static
../Drivers/BSP/LCD/lcd_ex.c:1449:6:lcd_ex_ili9806_reginit	8	static
../Drivers/BSP/LCD/lcd_ex.c:1617:6:lcd_ex_ssd1963_reginit	8	static
../Drivers/BSP/LCD/lcd.c:62:6:lcd_wr_data	16	static
../Drivers/BSP/LCD/lcd.c:73:6:lcd_wr_regno	16	static
../Drivers/BSP/LCD/lcd.c:86:6:lcd_write_reg	16	static
../Drivers/BSP/LCD/lcd.c:97:13:lcd_opt_delay	16	static
../Drivers/BSP/LCD/lcd.c:107:17:lcd_rd_data	16	static
../Drivers/BSP/LCD/lcd.c:120:6:lcd_write_ram_prepare	4	static
../Drivers/BSP/LCD/lcd.c:130:10:lcd_read_point	24	static
../Drivers/BSP/LCD/lcd.c:173:6:lcd_display_on	8	static
../Drivers/BSP/LCD/lcd.c:190:6:lcd_display_off	8	static
../Drivers/BSP/LCD/lcd.c:207:6:lcd_set_cursor	16	static
../Drivers/BSP/LCD/lcd.c:268:6:lcd_scan_dir	24	static
../Drivers/BSP/LCD/lcd.c:427:6:lcd_draw_point	16	static
../Drivers/BSP/LCD/lcd.c:439:6:lcd_ssd_backlight_set	16	static
../Drivers/BSP/LCD/lcd.c:455:6:lcd_display_dir	16	static
../Drivers/BSP/LCD/lcd.c:545:6:lcd_set_window	32	static
../Drivers/BSP/LCD/lcd.c:607:6:lcd_init	8	static
../Drivers/BSP/LCD/lcd.c:740:6:lcd_clear	24	static
../Drivers/BSP/LCD/lcd.c:760:6:lcd_fill	32	static
../Drivers/BSP/LCD/lcd.c:784:6:lcd_color_fill	32	static
../Drivers/BSP/LCD/lcd.c:810:6:lcd_draw_line	64	static
../Drivers/BSP/LCD/lcd.c:866:6:lcd_draw_hline	32	static
../Drivers/BSP/LCD/lcd.c:880:6:lcd_draw_rectangle	32	static
../Drivers/BSP/LCD/lcd.c:895:6:lcd_draw_circle	40	static
../Drivers/BSP/LCD/lcd.c:935:6:lcd_fill_circle	40	static
../Drivers/BSP/LCD/lcd.c:973:6:lcd_show_char	40	static
../Drivers/BSP/LCD/lcd.c:1044:17:lcd_pow	24	static
../Drivers/BSP/LCD/lcd.c:1062:6:lcd_show_num	48	static
../Drivers/BSP/LCD/lcd.c:1102:6:lcd_show_xnum	48	static
../Drivers/BSP/LCD/lcd.c:1146:6:lcd_show_string	40	static
