Archive member included to satisfy reference by file (symbol)

F:/stm32cube/STM32CubeIDE_1.17.0/STM32CubeIDE/plugins/com.st.stm32cube.ide.mcu.externaltools.gnu-tools-for-stm32.10.3-2021.10.win32_1.2.0.202410251133/tools/bin/../lib/gcc/arm-none-eabi/10.3.1/../../../../arm-none-eabi/lib/thumb/v7-m/nofp\libc_nano.a(lib_a-atoi.o)
                              ./Core/Src/main.o (atoi)
F:/stm32cube/STM32CubeIDE_1.17.0/STM32CubeIDE/plugins/com.st.stm32cube.ide.mcu.externaltools.gnu-tools-for-stm32.10.3-2021.10.win32_1.2.0.202410251133/tools/bin/../lib/gcc/arm-none-eabi/10.3.1/../../../../arm-none-eabi/lib/thumb/v7-m/nofp\libc_nano.a(lib_a-errno.o)
                              ./Core/Src/syscalls.o (__errno)
F:/stm32cube/STM32CubeIDE_1.17.0/STM32CubeIDE/plugins/com.st.stm32cube.ide.mcu.externaltools.gnu-tools-for-stm32.10.3-2021.10.win32_1.2.0.202410251133/tools/bin/../lib/gcc/arm-none-eabi/10.3.1/../../../../arm-none-eabi/lib/thumb/v7-m/nofp\libc_nano.a(lib_a-exit.o)
                              F:/stm32cube/STM32CubeIDE_1.17.0/STM32CubeIDE/plugins/com.st.stm32cube.ide.mcu.externaltools.gnu-tools-for-stm32.10.3-2021.10.win32_1.2.0.202410251133/tools/bin/../lib/gcc/arm-none-eabi/10.3.1/../../../../arm-none-eabi/lib/thumb/v7-m/nofp/crt0.o (exit)
F:/stm32cube/STM32CubeIDE_1.17.0/STM32CubeIDE/plugins/com.st.stm32cube.ide.mcu.externaltools.gnu-tools-for-stm32.10.3-2021.10.win32_1.2.0.202410251133/tools/bin/../lib/gcc/arm-none-eabi/10.3.1/../../../../arm-none-eabi/lib/thumb/v7-m/nofp\libc_nano.a(lib_a-impure.o)
                              F:/stm32cube/STM32CubeIDE_1.17.0/STM32CubeIDE/plugins/com.st.stm32cube.ide.mcu.externaltools.gnu-tools-for-stm32.10.3-2021.10.win32_1.2.0.202410251133/tools/bin/../lib/gcc/arm-none-eabi/10.3.1/../../../../arm-none-eabi/lib/thumb/v7-m/nofp\libc_nano.a(lib_a-exit.o) (_global_impure_ptr)
F:/stm32cube/STM32CubeIDE_1.17.0/STM32CubeIDE/plugins/com.st.stm32cube.ide.mcu.externaltools.gnu-tools-for-stm32.10.3-2021.10.win32_1.2.0.202410251133/tools/bin/../lib/gcc/arm-none-eabi/10.3.1/../../../../arm-none-eabi/lib/thumb/v7-m/nofp\libc_nano.a(lib_a-init.o)
                              F:/stm32cube/STM32CubeIDE_1.17.0/STM32CubeIDE/plugins/com.st.stm32cube.ide.mcu.externaltools.gnu-tools-for-stm32.10.3-2021.10.win32_1.2.0.202410251133/tools/bin/../lib/gcc/arm-none-eabi/10.3.1/../../../../arm-none-eabi/lib/thumb/v7-m/nofp/crt0.o (__libc_init_array)
F:/stm32cube/STM32CubeIDE_1.17.0/STM32CubeIDE/plugins/com.st.stm32cube.ide.mcu.externaltools.gnu-tools-for-stm32.10.3-2021.10.win32_1.2.0.202410251133/tools/bin/../lib/gcc/arm-none-eabi/10.3.1/../../../../arm-none-eabi/lib/thumb/v7-m/nofp\libc_nano.a(lib_a-memset.o)
                              F:/stm32cube/STM32CubeIDE_1.17.0/STM32CubeIDE/plugins/com.st.stm32cube.ide.mcu.externaltools.gnu-tools-for-stm32.10.3-2021.10.win32_1.2.0.202410251133/tools/bin/../lib/gcc/arm-none-eabi/10.3.1/../../../../arm-none-eabi/lib/thumb/v7-m/nofp/crt0.o (memset)
F:/stm32cube/STM32CubeIDE_1.17.0/STM32CubeIDE/plugins/com.st.stm32cube.ide.mcu.externaltools.gnu-tools-for-stm32.10.3-2021.10.win32_1.2.0.202410251133/tools/bin/../lib/gcc/arm-none-eabi/10.3.1/../../../../arm-none-eabi/lib/thumb/v7-m/nofp\libc_nano.a(lib_a-nano-vfprintf_float.o)
                              (_printf_float)
F:/stm32cube/STM32CubeIDE_1.17.0/STM32CubeIDE/plugins/com.st.stm32cube.ide.mcu.externaltools.gnu-tools-for-stm32.10.3-2021.10.win32_1.2.0.202410251133/tools/bin/../lib/gcc/arm-none-eabi/10.3.1/../../../../arm-none-eabi/lib/thumb/v7-m/nofp\libc_nano.a(lib_a-nano-vfprintf_i.o)
                              F:/stm32cube/STM32CubeIDE_1.17.0/STM32CubeIDE/plugins/com.st.stm32cube.ide.mcu.externaltools.gnu-tools-for-stm32.10.3-2021.10.win32_1.2.0.202410251133/tools/bin/../lib/gcc/arm-none-eabi/10.3.1/../../../../arm-none-eabi/lib/thumb/v7-m/nofp\libc_nano.a(lib_a-nano-vfprintf_float.o) (_printf_common)
F:/stm32cube/STM32CubeIDE_1.17.0/STM32CubeIDE/plugins/com.st.stm32cube.ide.mcu.externaltools.gnu-tools-for-stm32.10.3-2021.10.win32_1.2.0.202410251133/tools/bin/../lib/gcc/arm-none-eabi/10.3.1/../../../../arm-none-eabi/lib/thumb/v7-m/nofp\libc_nano.a(lib_a-nano-vfscanf_float.o)
                              (_scanf_float)
F:/stm32cube/STM32CubeIDE_1.17.0/STM32CubeIDE/plugins/com.st.stm32cube.ide.mcu.externaltools.gnu-tools-for-stm32.10.3-2021.10.win32_1.2.0.202410251133/tools/bin/../lib/gcc/arm-none-eabi/10.3.1/../../../../arm-none-eabi/lib/thumb/v7-m/nofp\libc_nano.a(lib_a-printf.o)
                              ./Core/Src/main.o (printf)
F:/stm32cube/STM32CubeIDE_1.17.0/STM32CubeIDE/plugins/com.st.stm32cube.ide.mcu.externaltools.gnu-tools-for-stm32.10.3-2021.10.win32_1.2.0.202410251133/tools/bin/../lib/gcc/arm-none-eabi/10.3.1/../../../../arm-none-eabi/lib/thumb/v7-m/nofp\libc_nano.a(lib_a-sf_nan.o)
[...]
Memory Configuration

Name             Origin             Length             Attributes
RAM              0x0000000020000000 0x0000000000010000 xrw
FLASH            0x0000000008000000 0x0000000000080000 xr
*default*        0x0000000000000000 0xffffffffffffffff

Linker script and memory map

LOAD F:/stm32cube/STM32CubeIDE_1.17.0/STM32CubeIDE/plugins/com.st.stm32cube.ide.mcu.externaltools.gnu-tools-for-stm32.10.3-2021.10.win32_1.2.0.202410251133/tools/bin/../lib/gcc/arm-none-eabi/10.3.1/thumb/v7-m/nofp/crti.o
LOAD F:/stm32cube/STM32CubeIDE_1.17.0/STM32CubeIDE/plugins/com.st.stm32cube.ide.mcu.externaltools.gnu-tools-for-stm32.10.3-2021.10.win32_1.2.0.202410251133/tools/bin/../lib/gcc/arm-none-eabi/10.3.1/thumb/v7-m/nofp/crtbegin.o
LOAD F:/stm32cube/STM32CubeIDE_1.17.0/STM32CubeIDE/plugins/com.st.stm32cube.ide.mcu.externaltools.gnu-tools-for-stm32.10.3-2021.10.win32_1.2.0.202410251133/tools/bin/../lib/gcc/arm-none-eabi/10.3.1/../../../../arm-none-eabi/lib/thumb/v7-m/nofp/crt0.o
LOAD ./Core/Src/fsmc.o
LOAD ./Core/Src/gpio.o
LOAD ./Core/Src/i2c.o
LOAD ./Core/Src/main.o
LOAD ./Core/Src/mpu6050.o
LOAD ./Core/Src/stm32f1xx_hal_msp.o
LOAD ./Core/Src/stm32f1xx_it.o
LOAD ./Core/Src/syscalls.o
LOAD ./Core/Src/sysmem.o
LOAD ./Core/Src/system_stm32f1xx.o
LOAD ./Core/Src/tim.o
LOAD ./Core/Src/usart.o
LOAD ./Core/Startup/startup_stm32f103zetx.o
LOAD ./Drivers/BSP/BEEP/beep.o
LOAD ./Drivers/BSP/LCD/lcd.o
LOAD ./Drivers/BSP/LED/led.o
LOAD ./Drivers/BSP/REMOTE/remote.o
LOAD ./Drivers/STM32F1xx_HAL_Driver/Src/stm32f1xx_hal.o
LOAD ./Drivers/STM32F1xx_HAL_Driver/Src/stm32f1xx_hal_cortex.o
LOAD ./Drivers/STM32F1xx_HAL_Driver/Src/stm32f1xx_hal_dma.o
LOAD ./Drivers/STM32F1xx_HAL_Driver/Src/stm32f1xx_hal_exti.o
LOAD ./Drivers/STM32F1xx_HAL_Driver/Src/stm32f1xx_hal_flash.o
LOAD ./Drivers/STM32F1xx_HAL_Driver/Src/stm32f1xx_hal_flash_ex.o
LOAD ./Drivers/STM32F1xx_HAL_Driver/Src/stm32f1xx_hal_gpio.o
LOAD ./Drivers/STM32F1xx_HAL_Driver/Src/stm32f1xx_hal_gpio_ex.o
LOAD ./Drivers/STM32F1xx_HAL_Driver/Src/stm32f1xx_hal_i2c.o
LOAD ./Drivers/STM32F1xx_HAL_Driver/Src/stm32f1xx_hal_nand.o
LOAD ./Drivers/STM32F1xx_HAL_Driver/Src/stm32f1xx_hal_nor.o
LOAD ./Drivers/STM32F1xx_HAL_Driver/Src/stm32f1xx_hal_pccard.o
LOAD ./Drivers/STM32F1xx_HAL_Driver/Src/stm32f1xx_hal_pwr.o
LOAD ./Drivers/STM32F1xx_HAL_Driver/Src/stm32f1xx_hal_rcc.o
LOAD ./Drivers/STM32F1xx_HAL_Driver/Src/stm32f1xx_hal_rcc_ex.o
LOAD ./Drivers/STM32F1xx_HAL_Driver/Src/stm32f1xx_hal_sram.o
LOAD ./Drivers/STM32F1xx_HAL_Driver/Src/stm32f1xx_hal_tim.o
LOAD ./Drivers/STM32F1xx_HAL_Driver/Src/stm32f1xx_hal_tim_ex.o
LOAD ./Drivers/STM32F1xx_HAL_Driver/Src/stm32f1xx_hal_uart.o
LOAD ./Drivers/STM32F1xx_HAL_Driver/Src/stm32f1xx_ll_fsmc.o
LOAD ./Drivers/SYSTEM/delay/delay.o
LOAD ./Drivers/SYSTEM/sys/sys.o
START GROUP
LOAD F:/stm32cube/STM32CubeIDE_1.17.0/STM32CubeIDE/plugins/com.st.stm32cube.ide.mcu.externaltools.gnu-tools-for-stm32.10.3-2021.10.win32_1.2.0.202410251133/tools/bin/../lib/gcc/arm-none-eabi/10.3.1/../../../../arm-none-eabi/lib/thumb/v7-m/nofp\libc_nano.a
LOAD F:/stm32cube/STM32CubeIDE_1.17.0/STM32CubeIDE/plugins/com.st.stm32cube.ide.mcu.externaltools.gnu-tools-for-stm32.10.3-2021.10.win32_1.2.0.202410251133/tools/bin/../lib/gcc/arm-none-eabi/10.3.1/../../../../arm-none-eabi/lib/thumb/v7-m/nofp\libm.a
END GROUP
START GROUP
LOAD F:/stm32cube/STM32CubeIDE_1.17.0/STM32CubeIDE/plugins/com.st.stm32cube.ide.mcu.externaltools.gnu-tools-for-stm32.10.3-2021.10.win32_1.2.0.202410251133/tools/bin/../lib/gcc/arm-none-eabi/10.3.1/thumb/v7-m/nofp\libgcc.a
LOAD F:/stm32cube/STM32CubeIDE_1.17.0/STM32CubeIDE/plugins/com.st.stm32cube.ide.mcu.externaltools.gnu-tools-for-stm32.10.3-2021.10.win32_1.2.0.202410251133/tools/bin/../lib/gcc/arm-none-eabi/10.3.1/../../../../arm-none-eabi/lib/thumb/v7-m/nofp\libc_nano.a
END GROUP
START GROUP
LOAD F:/stm32cube/STM32CubeIDE_1.17.0/STM32CubeIDE/plugins/com.st.stm32cube.ide.mcu.externaltools.gnu-tools-for-stm32.10.3-2021.10.win32_1.2.0.202410251133/tools/bin/../lib/gcc/arm-none-eabi/10.3.1/thumb/v7-m/nofp\libgcc.a
LOAD F:/stm32cube/STM32CubeIDE_1.17.0/STM32CubeIDE/plugins/com.st.stm32cube.ide.mcu.externaltools.gnu-tools-for-stm32.10.3-2021.10.win32_1.2.0.202410251133/tools/bin/../lib/gcc/arm-none-eabi/10.3.1/../../../../arm-none-eabi/lib/thumb/v7-m/nofp\libc_nano.a
LOAD F:/stm32cube/STM32CubeIDE_1.17.0/STM32CubeIDE/plugins/com.st.stm32cube.ide.mcu.externaltools.gnu-tools-for-stm32.10.3-2021.10.win32_1.2.0.202410251133/tools/bin/../lib/gcc/arm-none-eabi/10.3.1/../../../../arm-none-eabi/lib/thumb/v7-m/nofp\libnosys.a
END GROUP
START GROUP
LOAD F:/stm32cube/STM32CubeIDE_1.17.0/STM32CubeIDE/plugins/com.st.stm32cube.ide.mcu.externaltools.gnu-tools-for-stm32.10.3-2021.10.win32_1.2.0.202410251133/tools/bin/../lib/gcc/arm-none-eabi/10.3.1/thumb/v7-m/nofp\libgcc.a
LOAD F:/stm32cube/STM32CubeIDE_1.17.0/STM32CubeIDE/plugins/com.st.stm32cube.ide.mcu.externaltools.gnu-tools-for-stm32.10.3-2021.10.win32_1.2.0.202410251133/tools/bin/../lib/gcc/arm-none-eabi/10.3.1/../../../../arm-none-eabi/lib/thumb/v7-m/nofp\libc_nano.a
LOAD F:/stm32cube/STM32CubeIDE_1.17.0/STM32CubeIDE/plugins/com.st.stm32cube.ide.mcu.externaltools.gnu-tools-for-stm32.10.3-2021.10.win32_1.2.0.202410251133/tools/bin/../lib/gcc/arm-none-eabi/10.3.1/../../../../arm-none-eabi/lib/thumb/v7-m/nofp\libnosys.a
END GROUP
LOAD F:/stm32cube/STM32CubeIDE_1.17.0/STM32CubeIDE/plugins/com.st.stm32cube.ide.mcu.externaltools.gnu-tools-for-stm32.10.3-2021.10.win32_1.2.0.202410251133/tools/bin/../lib/gcc/arm-none-eabi/10.3.1/thumb/v7-m/nofp/crtend.o
LOAD F:/stm32cube/STM32CubeIDE_1.17.0/STM32CubeIDE/plugins/com.st.stm32cube.ide.mcu.externaltools.gnu-tools-for-stm32.10.3-2021.10.win32_1.2.0.202410251133/tools/bin/../lib/gcc/arm-none-eabi/10.3.1/thumb/v7-m/nofp/crtn.o
                0x0000000020010000                _estack = (ORIGIN (RAM) + LENGTH (RAM))
                0x0000000000000200                _Min_Heap_Size = 0x200
                0x0000000000000400                _Min_Stack_Size = 0x400

.isr_vector     0x0000000008000000      0x1e4
                0x0000000008000000                . = ALIGN (0x4)
 *(.isr_vector)
 .isr_vector    0x0000000008000000      0x1e4 ./Core/Startup/startup_stm32f103zetx.o
                0x0000000008000000                g_pfnVectors
                0x00000000080001e4                . = ALIGN (0x4)

.text           0x00000000080001e8     0xec64
                0x00000000080001e8                . = ALIGN (0x4)
 *(.text)
 .text          0x00000000080001e8       0x40 F:/stm32cube/STM32CubeIDE_1.17.0/STM32CubeIDE/plugins/com.st.stm32cube.ide.mcu.externaltools.gnu-tools-for-stm32.10.3-2021.10.win32_1.2.0.202410251133/tools/bin/../lib/gcc/arm-none-eabi/10.3.1/thumb/v7-m/nofp/crtbegin.o
 .text          0x0000000008000228       0x10 F:/stm32cube/STM32CubeIDE_1.17.0/STM32CubeIDE/plugins/com.st.stm32cube.ide.mcu.externaltools.gnu-tools-for-stm32.10.3-2021.10.win32_1.2.0.202410251133/tools/bin/../lib/gcc/arm-none-eabi/10.3.1/../../../../arm-none-eabi/lib/thumb/v7-m/nofp\libc_nano.a(lib_a-strlen.o)
                0x0000000008000228                strlen
 .text          0x0000000008000238      0x168 F:/stm32cube/STM32CubeIDE_1.17.0/STM32CubeIDE/plugins/com.st.stm32cube.ide.mcu.externaltools.gnu-tools-for-stm32.10.3-2021.10.win32_1.2.0.202410251133/tools/bin/../lib/gcc/arm-none-eabi/10.3.1/thumb/v7-m/nofp\libgcc.a(_arm_mulsf3.o)
                0x0000000008000238                __aeabi_fmul
                0x0000000008000238                __mulsf3
 .text          0x00000000080003a0      0x378 F:/stm32cube/STM32CubeIDE_1.17.0/STM32CubeIDE/plugins/com.st.stm32cube.ide.mcu.externaltools.gnu-tools-for-stm32.10.3-2021.10.win32_1.2.0.202410251133/tools/bin/../lib/gcc/arm-none-eabi/10.3.1/thumb/v7-m/nofp\libgcc.a(_arm_addsubdf3.o)
                0x00000000080003a0                __aeabi_drsub
                0x00000000080003a8                __aeabi_dsub
                0x00000000080003a8                __subdf3
                0x00000000080003ac                __aeabi_dadd
                0x00000000080003ac                __adddf3
                0x0000000008000624                __floatunsidf
                0x0000000008000624                __aeabi_ui2d
                0x0000000008000644                __floatsidf
                0x0000000008000644                __aeabi_i2d
                0x0000000008000668                __aeabi_f2d
                0x0000000008000668                __extendsfdf2
                0x00000000080006ac                __floatundidf
                0x00000000080006ac                __aeabi_ul2d
                0x00000000080006bc                __floatdidf
                0x00000000080006bc                __aeabi_l2d
 .text          0x0000000008000718      0x424 F:/stm32cube/STM32CubeIDE_1.17.0/STM32CubeIDE/plugins/com.st.stm32cube.ide.mcu.externaltools.gnu-tools-for-stm32.10.3-2021.10.win32_1.2.0.202410251133/tools/bin/../lib/gcc/arm-none-eabi/10.3.1/thumb/v7-m/nofp\libgcc.a(_arm_muldivdf3.o)
                0x0000000008000718                __aeabi_dmul
                0x0000000008000718                __muldf3
                0x000000000800096c                __divdf3
                0x000000000800096c                __aeabi_ddiv
 .text          0x0000000008000b3c      0x110 F:/stm32cube/STM32CubeIDE_1.17.0/STM32CubeIDE/plugins/com.st.stm32cube.ide.mcu.externaltools.gnu-tools-for-stm32.10.3-2021.10.win32_1.2.0.202410251133/tools/bin/../lib/gcc/arm-none-eabi/10.3.1/thumb/v7-m/nofp\libgcc.a(_arm_cmpdf2.o)
                0x0000000008000b3c                __gtdf2
                0x0000000008000b3c                __gedf2
                0x0000000008000b44                __ltdf2
                0x0000000008000b44                __ledf2
                0x0000000008000b4c                __nedf2
                0x0000000008000b4c                __eqdf2
                0x0000000008000b4c                __cmpdf2
                0x0000000008000bc8                __aeabi_cdrcmple
                0x0000000008000bd8                __aeabi_cdcmpeq
                0x0000000008000bd8                __aeabi_cdcmple
                0x0000000008000be8                __aeabi_dcmpeq
                0x0000000008000bfc                __aeabi_dcmplt
                0x0000000008000c10                __aeabi_dcmple
                0x0000000008000c24                __aeabi_dcmpge
                0x0000000008000c38                __aeabi_dcmpgt
 .text          0x0000000008000c4c       0x2c F:/stm32cube/STM32CubeIDE_1.17.0/STM32CubeIDE/plugins/com.st.stm32cube.ide.mcu.externaltools.gnu-tools-for-stm32.10.3-2021.10.win32_1.2.0.202410251133/tools/bin/../lib/gcc/arm-none-eabi/10.3.1/thumb/v7-m/nofp\libgcc.a(_arm_unorddf2.o)
                0x0000000008000c4c                __unorddf2
                0x0000000008000c4c                __aeabi_dcmpun
 .text          0x0000000008000c78       0x50 F:/stm32cube/STM32CubeIDE_1.17.0/STM32CubeIDE/plugins/com.st.stm32cube.ide.mcu.externaltools.gnu-tools-for-stm32.10.3-2021.10.win32_1.2.0.202410251133/tools/bin/../lib/gcc/arm-none-eabi/10.3.1/thumb/v7-m/nofp\libgcc.a(_arm_fixdfsi.o)
                0x0000000008000c78                __aeabi_d2iz
                0x0000000008000c78                __fixdfsi
 .text          0x0000000008000cc8       0x40 F:/stm32cube/STM32CubeIDE_1.17.0/STM32CubeIDE/plugins/com.st.stm32cube.ide.mcu.externaltools.gnu-tools-for-stm32.10.3-2021.10.win32_1.2.0.202410251133/tools/bin/../lib/gcc/arm-none-eabi/10.3.1/thumb/v7-m/nofp\libgcc.a(_arm_fixunsdfsi.o)
                0x0000000008000cc8                __aeabi_d2uiz
                0x0000000008000cc8                __fixunsdfsi
 .text          0x0000000008000d08       0xa0 F:/stm32cube/STM32CubeIDE_1.17.0/STM32CubeIDE/plugins/com.st.stm32cube.ide.mcu.externaltools.gnu-tools-for-stm32.10.3-2021.10.win32_1.2.0.202410251133/tools/bin/../lib/gcc/arm-none-eabi/10.3.1/thumb/v7-m/nofp\libgcc.a(_arm_truncdfsf2.o)
                0x0000000008000d08                __truncdfsf2
                0x0000000008000d08                __aeabi_d2f
 .text          0x0000000008000da8      0x21c F:/stm32cube/STM32CubeIDE_1.17.0/STM32CubeIDE/plugins/com.st.stm32cube.ide.mcu.externaltools.gnu-tools-for-stm32.10.3-2021.10.win32_1.2.0.202410251133/tools/bin/../lib/gcc/arm-none-eabi/10.3.1/thumb/v7-m/nofp\libgcc.a(_arm_addsubsf3.o)
                0x0000000008000da8                __aeabi_frsub
                0x0000000008000db0                __subsf3
                0x0000000008000db0                __aeabi_fsub
                0x0000000008000db4                __aeabi_fadd
                0x0000000008000db4                __addsf3
                0x0000000008000f14                __aeabi_ui2f
                0x0000000008000f14                __floatunsisf
                0x0000000008000f1c                __aeabi_i2f
                0x0000000008000f1c                __floatsisf
                0x0000000008000f38                __aeabi_ul2f
                0x0000000008000f38                __floatundisf
                0x0000000008000f48                __aeabi_l2f
                0x0000000008000f48                __floatdisf
 .text          0x0000000008000fc4       0xec F:/stm32cube/STM32CubeIDE_1.17.0/STM32CubeIDE/plugins/com.st.stm32cube.ide.mcu.externaltools.gnu-tools-for-stm32.10.3-2021.10.win32_1.2.0.202410251133/tools/bin/../lib/gcc/arm-none-eabi/10.3.1/thumb/v7-m/nofp\libgcc.a(_arm_cmpsf2.o)
                0x0000000008000fc4                __gesf2
                0x0000000008000fc4                __gtsf2
                0x0000000008000fcc                __lesf2
                0x0000000008000fcc                __ltsf2
                0x0000000008000fd4                __nesf2
                0x0000000008000fd4                __eqsf2
                0x0000000008000fd4                __cmpsf2
                0x0000000008001034                __aeabi_cfrcmple
                0x000000000800103c                __aeabi_cfcmpeq
                0x000000000800103c                __aeabi_cfcmple
                0x000000000800104c                __aeabi_fcmpeq
                0x0000000008001060                __aeabi_fcmplt
                0x0000000008001074                __aeabi_fcmple
                0x0000000008001088                __aeabi_fcmpge
                0x000000000800109c                __aeabi_fcmpgt
 .text          0x00000000080010b0       0x4c F:/stm32cube/STM32CubeIDE_1.17.0/STM32CubeIDE/plugins/com.st.stm32cube.ide.mcu.externaltools.gnu-tools-for-stm32.10.3-2021.10.win32_1.2.0.202410251133/tools/bin/../lib/gcc/arm-none-eabi/10.3.1/thumb/v7-m/nofp\libgcc.a(_arm_fixsfsi.o)
                0x00000000080010b0                __aeabi_f2iz
                0x00000000080010b0                __fixsfsi
 .text          0x00000000080010fc       0x40 F:/stm32cube/STM32CubeIDE_1.17.0/STM32CubeIDE/plugins/com.st.stm32cube.ide.mcu.externaltools.gnu-tools-for-stm32.10.3-2021.10.win32_1.2.0.202410251133/tools/bin/../lib/gcc/arm-none-eabi/10.3.1/thumb/v7-m/nofp\libgcc.a(_arm_fixunssfsi.o)
                0x00000000080010fc                __fixunssfsi
                0x00000000080010fc                __aeabi_f2uiz
 .text          0x000000000800113c       0x34 F:/stm32cube/STM32CubeIDE_1.17.0/STM32CubeIDE/plugins/com.st.stm32cube.ide.mcu.externaltools.gnu-tools-for-stm32.10.3-2021.10.win32_1.2.0.202410251133/tools/bin/../lib/gcc/arm-none-eabi/10.3.1/thumb/v7-m/nofp\libgcc.a(_fixdfdi.o)
                0x000000000800113c                __fixdfdi
                0x000000000800113c                __aeabi_d2lz
 .text          0x0000000008001170       0x3c F:/stm32cube/STM32CubeIDE_1.17.0/STM32CubeIDE/plugins/com.st.stm32cube.ide.mcu.externaltools.gnu-tools-for-stm32.10.3-2021.10.win32_1.2.0.202410251133/tools/bin/../lib/gcc/arm-none-eabi/10.3.1/thumb/v7-m/nofp\libgcc.a(_fixunsdfdi.o)
                0x0000000008001170                __fixunsdfdi
                0x0000000008001170                __aeabi_d2ulz
 *(.text*)
 .text.MX_FSMC_Init
                0x00000000080011ac       0xfc ./Core/Src/fsmc.o
                0x00000000080011ac                MX_FSMC_Init
 .text.HAL_FSMC_MspInit
                0x00000000080012a8       0xa8 ./Core/Src/fsmc.o
 .text.HAL_SRAM_MspInit
                0x0000000008001350       0x14 ./Core/Src/fsmc.o
                0x0000000008001350                HAL_SRAM_MspInit
 .text.MX_GPIO_Init
                0x0000000008001364      0x1d0 ./Core/Src/gpio.o
                0x0000000008001364                MX_GPIO_Init
 .text.MX_I2C2_Init
                0x0000000008001534       0x5c ./Core/Src/i2c.o
                0x0000000008001534                MX_I2C2_Init
 .text.HAL_I2C_MspInit
                0x0000000008001590       0x80 ./Core/Src/i2c.o
                0x0000000008001590                HAL_I2C_MspInit
 .text.PID_Loc  0x0000000008001610      0x1c4 ./Core/Src/main.o
                0x0000000008001610                PID_Loc
 .text.Right_Motor_Forward
                0x00000000080017d4       0x20 ./Core/Src/main.o
                0x00000000080017d4                Right_Motor_Forward
 .text.Right_Motor_Reverse
                0x00000000080017f4       0x20 ./Core/Src/main.o
                0x00000000080017f4                Right_Motor_Reverse
 .text.Left_Motor_Forward
                0x0000000008001814       0x20 ./Core/Src/main.o
                0x0000000008001814                Left_Motor_Forward
 .text.Left_Motor_Reverse
                0x0000000008001834       0x20 ./Core/Src/main.o
                0x0000000008001834                Left_Motor_Reverse
 *fill*         0x0000000008001854        0x4 
 .text.main     0x0000000008001858      0x7d0 ./Core/Src/main.o
                0x0000000008001858                main
 .text.SystemClock_Config
                0x0000000008002028       0x8a ./Core/Src/main.o
                0x0000000008002028                SystemClock_Config
 *fill*         0x00000000080020b2        0x2 
 .text.getTIMx_DetaCnt
                0x00000000080020b4       0x60 ./Core/Src/main.o
                0x00000000080020b4                getTIMx_DetaCnt
 .text.Get_Right_Motor_Speed
                0x0000000008002114       0x58 ./Core/Src/main.o
                0x0000000008002114                Get_Right_Motor_Speed
 *fill*         0x000000000800216c        0x4 
 .text.Get_Left_Motor_Speed
                0x0000000008002170       0x9c ./Core/Src/main.o
                0x0000000008002170                Get_Left_Motor_Speed
 .text.Get_Motor_Speed
                0x000000000800220c      0x194 ./Core/Src/main.o
                0x000000000800220c                Get_Motor_Speed
 .text.HAL_TIM_PeriodElapsedCallback
                0x00000000080023a0       0x98 ./Core/Src/main.o
                0x00000000080023a0                HAL_TIM_PeriodElapsedCallback
 .text.Error_Handler
                0x0000000008002438        0xa ./Core/Src/main.o
                0x0000000008002438                Error_Handler
 *fill*         0x0000000008002442        0x2 
 .text.HAL_MspInit
                0x0000000008002444       0x68 ./Core/Src/stm32f1xx_hal_msp.o
                0x0000000008002444                HAL_MspInit
 .text.NMI_Handler
                0x00000000080024ac        0x6 ./Core/Src/stm32f1xx_it.o
                0x00000000080024ac                NMI_Handler
 .text.HardFault_Handler
                0x00000000080024b2        0x6 ./Core/Src/stm32f1xx_it.o
                0x00000000080024b2                HardFault_Handler
 .text.MemManage_Handler
                0x00000000080024b8        0x6 ./Core/Src/stm32f1xx_it.o
                0x00000000080024b8                MemManage_Handler
 .text.BusFault_Handler
                0x00000000080024be        0x6 ./Core/Src/stm32f1xx_it.o
                0x00000000080024be                BusFault_Handler
 .text.UsageFault_Handler
                0x00000000080024c4        0x6 ./Core/Src/stm32f1xx_it.o
                0x00000000080024c4                UsageFault_Handler
 .text.SVC_Handler
                0x00000000080024ca        0xc ./Core/Src/stm32f1xx_it.o
                0x00000000080024ca                SVC_Handler
 .text.DebugMon_Handler
                0x00000000080024d6        0xc ./Core/Src/stm32f1xx_it.o
                0x00000000080024d6                DebugMon_Handler
 .text.PendSV_Handler
                0x00000000080024e2        0xc ./Core/Src/stm32f1xx_it.o
                0x00000000080024e2                PendSV_Handler
 .text.SysTick_Handler
                0x00000000080024ee        0xc ./Core/Src/stm32f1xx_it.o
                0x00000000080024ee                SysTick_Handler
 *fill*         0x00000000080024fa        0x2 
 .text.TIM4_IRQHandler
                0x00000000080024fc       0x14 ./Core/Src/stm32f1xx_it.o
                0x00000000080024fc                TIM4_IRQHandler
 .text.USART1_IRQHandler
                0x0000000008002510       0x14 ./Core/Src/stm32f1xx_it.o
                0x0000000008002510                USART1_IRQHandler
 .text.TIM6_IRQHandler
                0x0000000008002524       0x14 ./Core/Src/stm32f1xx_it.o
                0x0000000008002524                TIM6_IRQHandler
 .text._getpid  0x0000000008002538        0xe ./Core/Src/syscalls.o
                0x0000000008002538                _getpid
 .text._kill    0x0000000008002546       0x20 ./Core/Src/syscalls.o
                0x0000000008002546                _kill
 .text._exit    0x0000000008002566       0x14 ./Core/Src/syscalls.o
                0x0000000008002566                _exit
 .text._read    0x000000000800257a       0x3a ./Core/Src/syscalls.o
                0x000000000800257a                _read
 .text._write   0x00000000080025b4       0x38 ./Core/Src/syscalls.o
                0x00000000080025b4                _write
 .text._close   0x00000000080025ec       0x16 ./Core/Src/syscalls.o
                0x00000000080025ec                _close
 .text._fstat   0x0000000008002602       0x1e ./Core/Src/syscalls.o
                0x0000000008002602                _fstat
 .text._isatty  0x0000000008002620       0x14 ./Core/Src/syscalls.o
                0x0000000008002620                _isatty
 .text._lseek   0x0000000008002634       0x18 ./Core/Src/syscalls.o
                0x0000000008002634                _lseek
 .text._sbrk    0x000000000800264c       0x6c ./Core/Src/sysmem.o
                0x000000000800264c                _sbrk
 .text.SystemInit
                0x00000000080026b8        0xc ./Core/Src/system_stm32f1xx.o
                0x00000000080026b8                SystemInit
 .text.MX_TIM1_Init
                0x00000000080026c4      0x168 ./Core/Src/tim.o
                0x00000000080026c4                MX_TIM1_Init
 .text.MX_TIM2_Init
                0x000000000800282c       0xa8 ./Core/Src/tim.o
                0x000000000800282c                MX_TIM2_Init
 .text.MX_TIM3_Init
                0x00000000080028d4       0xa8 ./Core/Src/tim.o
                0x00000000080028d4                MX_TIM3_Init
 .text.MX_TIM4_Init
                0x000000000800297c       0xf8 ./Core/Src/tim.o
                0x000000000800297c                MX_TIM4_Init
 .text.MX_TIM6_Init
                0x0000000008002a74       0x6c ./Core/Src/tim.o
                0x0000000008002a74                MX_TIM6_Init
 .text.HAL_TIM_Base_MspInit
                0x0000000008002ae0       0xf0 ./Core/Src/tim.o
                0x0000000008002ae0                HAL_TIM_Base_MspInit
 .text.HAL_TIM_Encoder_MspInit
                0x0000000008002bd0      0x130 ./Core/Src/tim.o
                0x0000000008002bd0                HAL_TIM_Encoder_MspInit
 .text.HAL_TIM_MspPostInit
                0x0000000008002d00       0x68 ./Core/Src/tim.o
                0x0000000008002d00                HAL_TIM_MspPostInit
 .text.__io_putchar
                0x0000000008002d68       0x24 ./Core/Src/usart.o
                0x0000000008002d68                __io_putchar
 .text.MX_USART1_UART_Init
                0x0000000008002d8c       0x60 ./Core/Src/usart.o
                0x0000000008002d8c                MX_USART1_UART_Init
 .text.HAL_UART_MspInit
                0x0000000008002dec       0xa8 ./Core/Src/usart.o
                0x0000000008002dec                HAL_UART_MspInit
 .text.HAL_UART_RxCpltCallback
                0x0000000008002e94       0xb4 ./Core/Src/usart.o
                0x0000000008002e94                HAL_UART_RxCpltCallback
 .text.Reset_Handler
                0x0000000008002f48       0x48 ./Core/Startup/startup_stm32f103zetx.o
                0x0000000008002f48                Reset_Handler
 .text.Default_Handler
                0x0000000008002f90        0x2 ./Core/Startup/startup_stm32f103zetx.o
                0x0000000008002f90                RTC_Alarm_IRQHandler
                0x0000000008002f90                EXTI2_IRQHandler
                0x0000000008002f90                TIM8_TRG_COM_IRQHandler
                0x0000000008002f90                TIM8_CC_IRQHandler
                0x0000000008002f90                TIM1_CC_IRQHandler
                0x0000000008002f90                PVD_IRQHandler
                0x0000000008002f90                SDIO_IRQHandler
                0x0000000008002f90                EXTI3_IRQHandler
                0x0000000008002f90                EXTI0_IRQHandler
                0x0000000008002f90                I2C2_EV_IRQHandler
                0x0000000008002f90                ADC1_2_IRQHandler
                0x0000000008002f90                SPI1_IRQHandler
                0x0000000008002f90                TAMPER_IRQHandler
                0x0000000008002f90                TIM8_UP_IRQHandler
                0x0000000008002f90                DMA2_Channel2_IRQHandler
                0x0000000008002f90                DMA1_Channel4_IRQHandler
                0x0000000008002f90                USART3_IRQHandler
                0x0000000008002f90                RTC_IRQHandler
                0x0000000008002f90                DMA1_Channel7_IRQHandler
                0x0000000008002f90                CAN1_RX1_IRQHandler
                0x0000000008002f90                UART5_IRQHandler
                0x0000000008002f90                ADC3_IRQHandler
                0x0000000008002f90                DMA2_Channel1_IRQHandler
                0x0000000008002f90                I2C1_EV_IRQHandler
                0x0000000008002f90                DMA1_Channel6_IRQHandler
                0x0000000008002f90                UART4_IRQHandler
                0x0000000008002f90                TIM3_IRQHandler
                0x0000000008002f90                RCC_IRQHandler
                0x0000000008002f90                TIM1_TRG_COM_IRQHandler
                0x0000000008002f90                DMA1_Channel1_IRQHandler
                0x0000000008002f90                Default_Handler
                0x0000000008002f90                EXTI15_10_IRQHandler
                0x0000000008002f90                TIM7_IRQHandler
                0x0000000008002f90                TIM5_IRQHandler
                0x0000000008002f90                EXTI9_5_IRQHandler
                0x0000000008002f90                SPI2_IRQHandler
                0x0000000008002f90                DMA1_Channel5_IRQHandler
                0x0000000008002f90                EXTI4_IRQHandler
                0x0000000008002f90                USB_LP_CAN1_RX0_IRQHandler
                0x0000000008002f90                USB_HP_CAN1_TX_IRQHandler
                0x0000000008002f90                DMA1_Channel3_IRQHandler
                0x0000000008002f90                FSMC_IRQHandler
                0x0000000008002f90                TIM1_UP_IRQHandler
                0x0000000008002f90                WWDG_IRQHandler
                0x0000000008002f90                TIM2_IRQHandler
                0x0000000008002f90                TIM1_BRK_IRQHandler
                0x0000000008002f90                EXTI1_IRQHandler
                0x0000000008002f90                DMA2_Channel4_5_IRQHandler
                0x0000000008002f90                USART2_IRQHandler
                0x0000000008002f90                I2C2_ER_IRQHandler
                0x0000000008002f90                DMA1_Channel2_IRQHandler
                0x0000000008002f90                TIM8_BRK_IRQHandler
                0x0000000008002f90                CAN1_SCE_IRQHandler
                0x0000000008002f90                FLASH_IRQHandler
                0x0000000008002f90                SPI3_IRQHandler
                0x0000000008002f90                I2C1_ER_IRQHandler
                0x0000000008002f90                USBWakeUp_IRQHandler
                0x0000000008002f90                DMA2_Channel3_IRQHandler
 .text.lcd_ex_st7789_reginit
                0x0000000008002f92      0x1ac ./Drivers/BSP/LCD/lcd.o
                0x0000000008002f92                lcd_ex_st7789_reginit
 .text.lcd_ex_ili9341_reginit
                0x000000000800313e      0x230 ./Drivers/BSP/LCD/lcd.o
                0x000000000800313e                lcd_ex_ili9341_reginit
 .text.lcd_ex_nt35310_reginit
                0x000000000800336e      0xef6 ./Drivers/BSP/LCD/lcd.o
                0x000000000800336e                lcd_ex_nt35310_reginit
 .text.lcd_ex_st7796_reginit
                0x0000000008004264      0x1ca ./Drivers/BSP/LCD/lcd.o
                0x0000000008004264                lcd_ex_st7796_reginit
 .text.lcd_ex_nt35510_reginit
                0x000000000800442e      0xf00 ./Drivers/BSP/LCD/lcd.o
                0x000000000800442e                lcd_ex_nt35510_reginit
 .text.lcd_ex_ili9806_reginit
                0x000000000800532e      0x344 ./Drivers/BSP/LCD/lcd.o
                0x000000000800532e                lcd_ex_ili9806_reginit
 .text.lcd_ex_ssd1963_reginit
                0x0000000008005672      0x172 ./Drivers/BSP/LCD/lcd.o
                0x0000000008005672                lcd_ex_ssd1963_reginit
 .text.lcd_wr_data
                0x00000000080057e4       0x28 ./Drivers/BSP/LCD/lcd.o
                0x00000000080057e4                lcd_wr_data
 .text.lcd_wr_regno
                0x000000000800580c       0x28 ./Drivers/BSP/LCD/lcd.o
                0x000000000800580c                lcd_wr_regno
 .text.lcd_write_reg
                0x0000000008005834       0x2c ./Drivers/BSP/LCD/lcd.o
                0x0000000008005834                lcd_write_reg
 .text.lcd_opt_delay
                0x0000000008005860       0x20 ./Drivers/BSP/LCD/lcd.o
 .text.lcd_rd_data
                0x0000000008005880       0x24 ./Drivers/BSP/LCD/lcd.o
 .text.lcd_write_ram_prepare
                0x00000000080058a4       0x1c ./Drivers/BSP/LCD/lcd.o
                0x00000000080058a4                lcd_write_ram_prepare
 .text.lcd_set_cursor
                0x00000000080058c0      0x1ac ./Drivers/BSP/LCD/lcd.o
                0x00000000080058c0                lcd_set_cursor
 .text.lcd_scan_dir
                0x0000000008005a6c      0x308 ./Drivers/BSP/LCD/lcd.o
                0x0000000008005a6c                lcd_scan_dir
 .text.lcd_draw_point
                0x0000000008005d74       0x34 ./Drivers/BSP/LCD/lcd.o
                0x0000000008005d74                lcd_draw_point
 .text.lcd_ssd_backlight_set
                0x0000000008005da8       0x68 ./Drivers/BSP/LCD/lcd.o
                0x0000000008005da8                lcd_ssd_backlight_set
 .text.lcd_display_dir
                0x0000000008005e10      0x1b0 ./Drivers/BSP/LCD/lcd.o
                0x0000000008005e10                lcd_display_dir
 .text.lcd_init
                0x0000000008005fc0      0x364 ./Drivers/BSP/LCD/lcd.o
                0x0000000008005fc0                lcd_init
 .text.lcd_clear
                0x0000000008006324       0x5c ./Drivers/BSP/LCD/lcd.o
                0x0000000008006324                lcd_clear
 .text.lcd_show_char
                0x0000000008006380      0x1bc ./Drivers/BSP/LCD/lcd.o
                0x0000000008006380                lcd_show_char
 .text.lcd_pow  0x000000000800653c       0x36 ./Drivers/BSP/LCD/lcd.o
 *fill*         0x0000000008006572        0x2 
 .text.lcd_show_num
                0x0000000008006574       0xf0 ./Drivers/BSP/LCD/lcd.o
                0x0000000008006574                lcd_show_num
 .text.lcd_show_string
                0x0000000008006664       0xa0 ./Drivers/BSP/LCD/lcd.o
                0x0000000008006664                lcd_show_string
 .text.HAL_TIM_IC_CaptureCallback
                0x0000000008006704      0x170 ./Drivers/BSP/REMOTE/remote.o
                0x0000000008006704                HAL_TIM_IC_CaptureCallback
 .text.remote_scan
                0x0000000008006874       0x94 ./Drivers/BSP/REMOTE/remote.o
                0x0000000008006874                remote_scan
 .text.HAL_Init
                0x0000000008006908       0x2c ./Drivers/STM32F1xx_HAL_Driver/Src/stm32f1xx_hal.o
                0x0000000008006908                HAL_Init
 .text.HAL_InitTick
                0x0000000008006934       0x60 ./Drivers/STM32F1xx_HAL_Driver/Src/stm32f1xx_hal.o
                0x0000000008006934                HAL_InitTick
 .text.HAL_IncTick
                0x0000000008006994       0x24 ./Drivers/STM32F1xx_HAL_Driver/Src/stm32f1xx_hal.o
                0x0000000008006994                HAL_IncTick
 .text.HAL_GetTick
                0x00000000080069b8       0x14 ./Drivers/STM32F1xx_HAL_Driver/Src/stm32f1xx_hal.o
                0x00000000080069b8                HAL_GetTick
 .text.__NVIC_SetPriorityGrouping
                0x00000000080069cc       0x48 ./Drivers/STM32F1xx_HAL_Driver/Src/stm32f1xx_hal_cortex.o
 .text.__NVIC_GetPriorityGrouping
                0x0000000008006a14       0x1c ./Drivers/STM32F1xx_HAL_Driver/Src/stm32f1xx_hal_cortex.o
 .text.__NVIC_EnableIRQ
                0x0000000008006a30       0x38 ./Drivers/STM32F1xx_HAL_Driver/Src/stm32f1xx_hal_cortex.o
 .text.__NVIC_SetPriority
                0x0000000008006a68       0x54 ./Drivers/STM32F1xx_HAL_Driver/Src/stm32f1xx_hal_cortex.o
 .text.NVIC_EncodePriority
                0x0000000008006abc       0x64 ./Drivers/STM32F1xx_HAL_Driver/Src/stm32f1xx_hal_cortex.o
 .text.SysTick_Config
                0x0000000008006b20       0x44 ./Drivers/STM32F1xx_HAL_Driver/Src/stm32f1xx_hal_cortex.o
 .text.HAL_NVIC_SetPriorityGrouping
                0x0000000008006b64       0x16 ./Drivers/STM32F1xx_HAL_Driver/Src/stm32f1xx_hal_cortex.o
                0x0000000008006b64                HAL_NVIC_SetPriorityGrouping
 .text.HAL_NVIC_SetPriority
                0x0000000008006b7a       0x38 ./Drivers/STM32F1xx_HAL_Driver/Src/stm32f1xx_hal_cortex.o
                0x0000000008006b7a                HAL_NVIC_SetPriority
 .text.HAL_NVIC_EnableIRQ
                0x0000000008006bb2       0x1c ./Drivers/STM32F1xx_HAL_Driver/Src/stm32f1xx_hal_cortex.o
                0x0000000008006bb2                HAL_NVIC_EnableIRQ
 .text.HAL_SYSTICK_Config
                0x0000000008006bce       0x18 ./Drivers/STM32F1xx_HAL_Driver/Src/stm32f1xx_hal_cortex.o
                0x0000000008006bce                HAL_SYSTICK_Config
 .text.HAL_DMA_Abort
                0x0000000008006be6       0x76 ./Drivers/STM32F1xx_HAL_Driver/Src/stm32f1xx_hal_dma.o
                0x0000000008006be6                HAL_DMA_Abort
 .text.HAL_DMA_Abort_IT
                0x0000000008006c5c      0x210 ./Drivers/STM32F1xx_HAL_Driver/Src/stm32f1xx_hal_dma.o
                0x0000000008006c5c                HAL_DMA_Abort_IT
 .text.HAL_GPIO_Init
                0x0000000008006e6c      0x328 ./Drivers/STM32F1xx_HAL_Driver/Src/stm32f1xx_hal_gpio.o
                0x0000000008006e6c                HAL_GPIO_Init
 .text.HAL_GPIO_ReadPin
                0x0000000008007194       0x2e ./Drivers/STM32F1xx_HAL_Driver/Src/stm32f1xx_hal_gpio.o
                0x0000000008007194                HAL_GPIO_ReadPin
 .text.HAL_GPIO_WritePin
                0x00000000080071c2       0x30 ./Drivers/STM32F1xx_HAL_Driver/Src/stm32f1xx_hal_gpio.o
                0x00000000080071c2                HAL_GPIO_WritePin
 .text.HAL_GPIO_TogglePin
                0x00000000080071f2       0x32 ./Drivers/STM32F1xx_HAL_Driver/Src/stm32f1xx_hal_gpio.o
                0x00000000080071f2                HAL_GPIO_TogglePin
 .text.HAL_I2C_Init
                0x0000000008007224      0x288 ./Drivers/STM32F1xx_HAL_Driver/Src/stm32f1xx_hal_i2c.o
                0x0000000008007224                HAL_I2C_Init
 .text.HAL_RCC_OscConfig
                0x00000000080074ac      0x504 ./Drivers/STM32F1xx_HAL_Driver/Src/stm32f1xx_hal_rcc.o
                0x00000000080074ac                HAL_RCC_OscConfig
 .text.HAL_RCC_ClockConfig
                0x00000000080079b0      0x1d4 ./Drivers/STM32F1xx_HAL_Driver/Src/stm32f1xx_hal_rcc.o
                0x00000000080079b0                HAL_RCC_ClockConfig
 .text.HAL_RCC_GetSysClockFreq
                0x0000000008007b84       0xa8 ./Drivers/STM32F1xx_HAL_Driver/Src/stm32f1xx_hal_rcc.o
                0x0000000008007b84                HAL_RCC_GetSysClockFreq
 .text.HAL_RCC_GetHCLKFreq
                0x0000000008007c2c       0x14 ./Drivers/STM32F1xx_HAL_Driver/Src/stm32f1xx_hal_rcc.o
                0x0000000008007c2c                HAL_RCC_GetHCLKFreq
 .text.HAL_RCC_GetPCLK1Freq
                0x0000000008007c40       0x28 ./Drivers/STM32F1xx_HAL_Driver/Src/stm32f1xx_hal_rcc.o
                0x0000000008007c40                HAL_RCC_GetPCLK1Freq
 .text.HAL_RCC_GetPCLK2Freq
                0x0000000008007c68       0x28 ./Drivers/STM32F1xx_HAL_Driver/Src/stm32f1xx_hal_rcc.o
                0x0000000008007c68                HAL_RCC_GetPCLK2Freq
 .text.RCC_Delay
                0x0000000008007c90       0x3c ./Drivers/STM32F1xx_HAL_Driver/Src/stm32f1xx_hal_rcc.o
 .text.HAL_SRAM_Init
                0x0000000008007ccc       0x9a ./Drivers/STM32F1xx_HAL_Driver/Src/stm32f1xx_hal_sram.o
                0x0000000008007ccc                HAL_SRAM_Init
 .text.HAL_TIM_Base_Init
                0x0000000008007d66       0x9e ./Drivers/STM32F1xx_HAL_Driver/Src/stm32f1xx_hal_tim.o
                0x0000000008007d66                HAL_TIM_Base_Init
 .text.HAL_TIM_Base_Start_IT
                0x0000000008007e04       0xc0 ./Drivers/STM32F1xx_HAL_Driver/Src/stm32f1xx_hal_tim.o
                0x0000000008007e04                HAL_TIM_Base_Start_IT
 .text.HAL_TIM_PWM_Init
                0x0000000008007ec4       0x9e ./Drivers/STM32F1xx_HAL_Driver/Src/stm32f1xx_hal_tim.o
                0x0000000008007ec4                HAL_TIM_PWM_Init
 .text.HAL_TIM_PWM_MspInit
                0x0000000008007f62       0x12 ./Drivers/STM32F1xx_HAL_Driver/Src/stm32f1xx_hal_tim.o
                0x0000000008007f62                HAL_TIM_PWM_MspInit
 .text.HAL_TIM_PWM_Start
                0x0000000008007f74      0x174 ./Drivers/STM32F1xx_HAL_Driver/Src/stm32f1xx_hal_tim.o
                0x0000000008007f74                HAL_TIM_PWM_Start
 .text.HAL_TIM_IC_Init
                0x00000000080080e8       0x9e ./Drivers/STM32F1xx_HAL_Driver/Src/stm32f1xx_hal_tim.o
                0x00000000080080e8                HAL_TIM_IC_Init
 .text.HAL_TIM_IC_MspInit
                0x0000000008008186       0x12 ./Drivers/STM32F1xx_HAL_Driver/Src/stm32f1xx_hal_tim.o
                0x0000000008008186                HAL_TIM_IC_MspInit
 .text.HAL_TIM_IC_Start_IT
                0x0000000008008198      0x234 ./Drivers/STM32F1xx_HAL_Driver/Src/stm32f1xx_hal_tim.o
                0x0000000008008198                HAL_TIM_IC_Start_IT
 .text.HAL_TIM_Encoder_Init
                0x00000000080083cc      0x144 ./Drivers/STM32F1xx_HAL_Driver/Src/stm32f1xx_hal_tim.o
                0x00000000080083cc                HAL_TIM_Encoder_Init
 .text.HAL_TIM_IRQHandler
                0x0000000008008510      0x210 ./Drivers/STM32F1xx_HAL_Driver/Src/stm32f1xx_hal_tim.o
                0x0000000008008510                HAL_TIM_IRQHandler
 .text.HAL_TIM_IC_ConfigChannel
                0x0000000008008720      0x138 ./Drivers/STM32F1xx_HAL_Driver/Src/stm32f1xx_hal_tim.o
                0x0000000008008720                HAL_TIM_IC_ConfigChannel
 .text.HAL_TIM_PWM_ConfigChannel
                0x0000000008008858      0x184 ./Drivers/STM32F1xx_HAL_Driver/Src/stm32f1xx_hal_tim.o
                0x0000000008008858                HAL_TIM_PWM_ConfigChannel
 .text.HAL_TIM_ConfigClockSource
                0x00000000080089dc      0x18e ./Drivers/STM32F1xx_HAL_Driver/Src/stm32f1xx_hal_tim.o
                0x00000000080089dc                HAL_TIM_ConfigClockSource
 *fill*         0x0000000008008b6a        0x2 
 .text.HAL_TIM_ReadCapturedValue
                0x0000000008008b6c       0x88 ./Drivers/STM32F1xx_HAL_Driver/Src/stm32f1xx_hal_tim.o
                0x0000000008008b6c                HAL_TIM_ReadCapturedValue
 .text.HAL_TIM_OC_DelayElapsedCallback
                0x0000000008008bf4       0x12 ./Drivers/STM32F1xx_HAL_Driver/Src/stm32f1xx_hal_tim.o
                0x0000000008008bf4                HAL_TIM_OC_DelayElapsedCallback
 .text.HAL_TIM_PWM_PulseFinishedCallback
                0x0000000008008c06       0x12 ./Drivers/STM32F1xx_HAL_Driver/Src/stm32f1xx_hal_tim.o
                0x0000000008008c06                HAL_TIM_PWM_PulseFinishedCallback
 .text.HAL_TIM_TriggerCallback
                0x0000000008008c18       0x12 ./Drivers/STM32F1xx_HAL_Driver/Src/stm32f1xx_hal_tim.o
                0x0000000008008c18                HAL_TIM_TriggerCallback
 *fill*         0x0000000008008c2a        0x2 
 .text.TIM_Base_SetConfig
                0x0000000008008c2c       0xf4 ./Drivers/STM32F1xx_HAL_Driver/Src/stm32f1xx_hal_tim.o
                0x0000000008008c2c                TIM_Base_SetConfig
 .text.TIM_OC1_SetConfig
                0x0000000008008d20       0xe0 ./Drivers/STM32F1xx_HAL_Driver/Src/stm32f1xx_hal_tim.o
 .text.TIM_OC2_SetConfig
                0x0000000008008e00       0xe8 ./Drivers/STM32F1xx_HAL_Driver/Src/stm32f1xx_hal_tim.o
                0x0000000008008e00                TIM_OC2_SetConfig
 .text.TIM_OC3_SetConfig
                0x0000000008008ee8       0xe8 ./Drivers/STM32F1xx_HAL_Driver/Src/stm32f1xx_hal_tim.o
 .text.TIM_OC4_SetConfig
                0x0000000008008fd0       0xa8 ./Drivers/STM32F1xx_HAL_Driver/Src/stm32f1xx_hal_tim.o
 .text.TIM_TI1_SetConfig
                0x0000000008009078       0xcc ./Drivers/STM32F1xx_HAL_Driver/Src/stm32f1xx_hal_tim.o
                0x0000000008009078                TIM_TI1_SetConfig
 .text.TIM_TI1_ConfigInputStage
                0x0000000008009144       0x5c ./Drivers/STM32F1xx_HAL_Driver/Src/stm32f1xx_hal_tim.o
 .text.TIM_TI2_SetConfig
                0x00000000080091a0       0x78 ./Drivers/STM32F1xx_HAL_Driver/Src/stm32f1xx_hal_tim.o
 .text.TIM_TI2_ConfigInputStage
                0x0000000008009218       0x5e ./Drivers/STM32F1xx_HAL_Driver/Src/stm32f1xx_hal_tim.o
 .text.TIM_TI3_SetConfig
                0x0000000008009276       0x76 ./Drivers/STM32F1xx_HAL_Driver/Src/stm32f1xx_hal_tim.o
 .text.TIM_TI4_SetConfig
                0x00000000080092ec       0x78 ./Drivers/STM32F1xx_HAL_Driver/Src/stm32f1xx_hal_tim.o
 .text.TIM_ITRx_SetConfig
                0x0000000008009364       0x34 ./Drivers/STM32F1xx_HAL_Driver/Src/stm32f1xx_hal_tim.o
 .text.TIM_ETR_SetConfig
                0x0000000008009398       0x3e ./Drivers/STM32F1xx_HAL_Driver/Src/stm32f1xx_hal_tim.o
                0x0000000008009398                TIM_ETR_SetConfig
 .text.TIM_CCxChannelCmd
                0x00000000080093d6       0x48 ./Drivers/STM32F1xx_HAL_Driver/Src/stm32f1xx_hal_tim.o
                0x00000000080093d6                TIM_CCxChannelCmd
 *fill*         0x000000000800941e        0x2 
 .text.HAL_TIMEx_MasterConfigSynchronization
                0x0000000008009420       0xd8 ./Drivers/STM32F1xx_HAL_Driver/Src/stm32f1xx_hal_tim_ex.o
                0x0000000008009420                HAL_TIMEx_MasterConfigSynchronization
 .text.HAL_TIMEx_ConfigBreakDeadTime
                0x00000000080094f8       0xa2 ./Drivers/STM32F1xx_HAL_Driver/Src/stm32f1xx_hal_tim_ex.o
                0x00000000080094f8                HAL_TIMEx_ConfigBreakDeadTime
 .text.HAL_TIMEx_CommutCallback
                0x000000000800959a       0x12 ./Drivers/STM32F1xx_HAL_Driver/Src/stm32f1xx_hal_tim_ex.o
                0x000000000800959a                HAL_TIMEx_CommutCallback
 .text.HAL_TIMEx_BreakCallback
                0x00000000080095ac       0x12 ./Drivers/STM32F1xx_HAL_Driver/Src/stm32f1xx_hal_tim_ex.o
                0x00000000080095ac                HAL_TIMEx_BreakCallback
 .text.HAL_UART_Init
                0x00000000080095be       0xa0 ./Drivers/STM32F1xx_HAL_Driver/Src/stm32f1xx_hal_uart.o
                0x00000000080095be                HAL_UART_Init
 .text.HAL_UART_Transmit
                0x000000000800965e      0x106 ./Drivers/STM32F1xx_HAL_Driver/Src/stm32f1xx_hal_uart.o
                0x000000000800965e                HAL_UART_Transmit
 .text.HAL_UART_Receive_IT
                0x0000000008009764       0x4a ./Drivers/STM32F1xx_HAL_Driver/Src/stm32f1xx_hal_uart.o
                0x0000000008009764                HAL_UART_Receive_IT
 *fill*         0x00000000080097ae        0x2 
 .text.HAL_UART_IRQHandler
                0x00000000080097b0      0x524 ./Drivers/STM32F1xx_HAL_Driver/Src/stm32f1xx_hal_uart.o
                0x00000000080097b0                HAL_UART_IRQHandler
 .text.HAL_UART_TxCpltCallback
                0x0000000008009cd4       0x12 ./Drivers/STM32F1xx_HAL_Driver/Src/stm32f1xx_hal_uart.o
                0x0000000008009cd4                HAL_UART_TxCpltCallback
 .text.HAL_UART_ErrorCallback
                0x0000000008009ce6       0x12 ./Drivers/STM32F1xx_HAL_Driver/Src/stm32f1xx_hal_uart.o
                0x0000000008009ce6                HAL_UART_ErrorCallback
 .text.HAL_UARTEx_RxEventCallback
                0x0000000008009cf8       0x16 ./Drivers/STM32F1xx_HAL_Driver/Src/stm32f1xx_hal_uart.o
                0x0000000008009cf8                HAL_UARTEx_RxEventCallback
 .text.UART_WaitOnFlagUntilTimeout
                0x0000000008009d0e       0xdc ./Drivers/STM32F1xx_HAL_Driver/Src/stm32f1xx_hal_uart.o
 .text.UART_Start_Receive_IT
                0x0000000008009dea       0x72 ./Drivers/STM32F1xx_HAL_Driver/Src/stm32f1xx_hal_uart.o
                0x0000000008009dea                UART_Start_Receive_IT
 .text.UART_EndRxTransfer
                0x0000000008009e5c       0xc4 ./Drivers/STM32F1xx_HAL_Driver/Src/stm32f1xx_hal_uart.o
 .text.UART_DMAAbortOnError
                0x0000000008009f20       0x28 ./Drivers/STM32F1xx_HAL_Driver/Src/stm32f1xx_hal_uart.o
 .text.UART_Transmit_IT
                0x0000000008009f48       0x9e ./Drivers/STM32F1xx_HAL_Driver/Src/stm32f1xx_hal_uart.o
 .text.UART_EndTransmit_IT
                0x0000000008009fe6       0x30 ./Drivers/STM32F1xx_HAL_Driver/Src/stm32f1xx_hal_uart.o
 .text.UART_Receive_IT
                0x000000000800a016      0x17c ./Drivers/STM32F1xx_HAL_Driver/Src/stm32f1xx_hal_uart.o
 *fill*         0x000000000800a192        0x2 
 .text.UART_SetConfig
                0x000000000800a194      0x11c ./Drivers/STM32F1xx_HAL_Driver/Src/stm32f1xx_hal_uart.o
 .text.FSMC_NORSRAM_Init
                0x000000000800a2b0       0xd4 ./Drivers/STM32F1xx_HAL_Driver/Src/stm32f1xx_ll_fsmc.o
                0x000000000800a2b0                FSMC_NORSRAM_Init
 .text.FSMC_NORSRAM_Timing_Init
                0x000000000800a384       0x68 ./Drivers/STM32F1xx_HAL_Driver/Src/stm32f1xx_ll_fsmc.o
                0x000000000800a384                FSMC_NORSRAM_Timing_Init
 .text.FSMC_NORSRAM_Extended_Timing_Init
                0x000000000800a3ec       0x70 ./Drivers/STM32F1xx_HAL_Driver/Src/stm32f1xx_ll_fsmc.o
                0x000000000800a3ec                FSMC_NORSRAM_Extended_Timing_Init
 .text.delay_init
                0x000000000800a45c       0x20 ./Drivers/SYSTEM/delay/delay.o
                0x000000000800a45c                delay_init
 .text.delay_us
                0x000000000800a47c       0x7c ./Drivers/SYSTEM/delay/delay.o
                0x000000000800a47c                delay_us
 .text.delay_ms
                0x000000000800a4f8       0x22 ./Drivers/SYSTEM/delay/delay.o
                0x000000000800a4f8                delay_ms
 .text.atoi     0x000000000800a51a        0x8 F:/stm32cube/STM32CubeIDE_1.17.0/STM32CubeIDE/plugins/com.st.stm32cube.ide.mcu.externaltools.gnu-tools-for-stm32.10.3-2021.10.win32_1.2.0.202410251133/tools/bin/../lib/gcc/arm-none-eabi/10.3.1/../../../../arm-none-eabi/lib/thumb/v7-m/nofp\libc_nano.a(lib_a-atoi.o)
                0x000000000800a51a                atoi
 *fill*         0x000000000800a522        0x2 
 .text.__errno  0x000000000800a524        0xc F:/stm32cube/STM32CubeIDE_1.17.0/STM32CubeIDE/plugins/com.st.stm32cube.ide.mcu.externaltools.gnu-tools-for-stm32.10.3-2021.10.win32_1.2.0.202410251133/tools/bin/../lib/gcc/arm-none-eabi/10.3.1/../../../../arm-none-eabi/lib/thumb/v7-m/nofp\libc_nano.a(lib_a-errno.o)
                0x000000000800a524                __errno
 .text.__libc_init_array
                0x000000000800a530       0x48 F:/stm32cube/STM32CubeIDE_1.17.0/STM32CubeIDE/plugins/com.st.stm32cube.ide.mcu.externaltools.gnu-tools-for-stm32.10.3-2021.10.win32_1.2.0.202410251133/tools/bin/../lib/gcc/arm-none-eabi/10.3.1/../../../../arm-none-eabi/lib/thumb/v7-m/nofp\libc_nano.a(lib_a-init.o)
                0x000000000800a530                __libc_init_array
 .text.memset   0x000000000800a578       0x10 F:/stm32cube/STM32CubeIDE_1.17.0/STM32CubeIDE/plugins/com.st.stm32cube.ide.mcu.externaltools.gnu-tools-for-stm32.10.3-2021.10.win32_1.2.0.202410251133/tools/bin/../lib/gcc/arm-none-eabi/10.3.1/../../../../arm-none-eabi/lib/thumb/v7-m/nofp\libc_nano.a(lib_a-memset.o)
                0x000000000800a578                memset
 .text.__cvt    0x000000000800a588       0xbe F:/stm32cube/STM32CubeIDE_1.17.0/STM32CubeIDE/plugins/com.st.stm32cube.ide.mcu.externaltools.gnu-tools-for-stm32.10.3-2021.10.win32_1.2.0.202410251133/tools/bin/../lib/gcc/arm-none-eabi/10.3.1/../../../../arm-none-eabi/lib/thumb/v7-m/nofp\libc_nano.a(lib_a-nano-vfprintf_float.o)
                0x000000000800a588                __cvt
 .text.__exponent
                0x000000000800a646       0x7c F:/stm32cube/STM32CubeIDE_1.17.0/STM32CubeIDE/plugins/com.st.stm32cube.ide.mcu.externaltools.gnu-tools-for-stm32.10.3-2021.10.win32_1.2.0.202410251133/tools/bin/../lib/gcc/arm-none-eabi/10.3.1/../../../../arm-none-eabi/lib/thumb/v7-m/nofp\libc_nano.a(lib_a-nano-vfprintf_float.o)
                0x000000000800a646                __exponent
 *fill*         0x000000000800a6c2        0x2 
 .text._printf_float
                0x000000000800a6c4      0x458 F:/stm32cube/STM32CubeIDE_1.17.0/STM32CubeIDE/plugins/com.st.stm32cube.ide.mcu.externaltools.gnu-tools-for-stm32.10.3-2021.10.win32_1.2.0.202410251133/tools/bin/../lib/gcc/arm-none-eabi/10.3.1/../../../../arm-none-eabi/lib/thumb/v7-m/nofp\libc_nano.a(lib_a-nano-vfprintf_float.o)
                0x000000000800a6c4                _printf_float
 .text._printf_common
                0x000000000800ab1c       0xde F:/stm32cube/STM32CubeIDE_1.17.0/STM32CubeIDE/plugins/com.st.stm32cube.ide.mcu.externaltools.gnu-tools-for-stm32.10.3-2021.10.win32_1.2.0.202410251133/tools/bin/../lib/gcc/arm-none-eabi/10.3.1/../../../../arm-none-eabi/lib/thumb/v7-m/nofp\libc_nano.a(lib_a-nano-vfprintf_i.o)
                0x000000000800ab1c                _printf_common
 *fill*         0x000000000800abfa        0x2 
 .text._printf_i
                0x000000000800abfc      0x24c F:/stm32cube/STM32CubeIDE_1.17.0/STM32CubeIDE/plugins/com.st.stm32cube.ide.mcu.externaltools.gnu-tools-for-stm32.10.3-2021.10.win32_1.2.0.202410251133/tools/bin/../lib/gcc/arm-none-eabi/10.3.1/../../../../arm-none-eabi/lib/thumb/v7-m/nofp\libc_nano.a(lib_a-nano-vfprintf_i.o)
                0x000000000800abfc                _printf_i
 .text._scanf_float
                0x000000000800ae48      0x41c F:/stm32cube/STM32CubeIDE_1.17.0/STM32CubeIDE/plugins/com.st.stm32cube.ide.mcu.externaltools.gnu-tools-for-stm32.10.3-2021.10.win32_1.2.0.202410251133/tools/bin/../lib/gcc/arm-none-eabi/10.3.1/../../../../arm-none-eabi/lib/thumb/v7-m/nofp\libc_nano.a(lib_a-nano-vfscanf_float.o)
                0x000000000800ae48                _scanf_float
 .text.printf   0x000000000800b264       0x30 F:/stm32cube/STM32CubeIDE_1.17.0/STM32CubeIDE/plugins/com.st.stm32cube.ide.mcu.externaltools.gnu-tools-for-stm32.10.3-2021.10.win32_1.2.0.202410251133/tools/bin/../lib/gcc/arm-none-eabi/10.3.1/../../../../arm-none-eabi/lib/thumb/v7-m/nofp\libc_nano.a(lib_a-printf.o)
                0x000000000800b264                iprintf
                0x000000000800b264                printf
 .text.nanf     0x000000000800b294        0x8 F:/stm32cube/STM32CubeIDE_1.17.0/STM32CubeIDE/plugins/com.st.stm32cube.ide.mcu.externaltools.gnu-tools-for-stm32.10.3-2021.10.win32_1.2.0.202410251133/tools/bin/../lib/gcc/arm-none-eabi/10.3.1/../../../../arm-none-eabi/lib/thumb/v7-m/nofp\libc_nano.a(lib_a-sf_nan.o)
                0x000000000800b294                nanf
 .text.sprintf  0x000000000800b29c       0x40 F:/stm32cube/STM32CubeIDE_1.17.0/STM32CubeIDE/plugins/com.st.stm32cube.ide.mcu.externaltools.gnu-tools-for-stm32.10.3-2021.10.win32_1.2.0.202410251133/tools/bin/../lib/gcc/arm-none-eabi/10.3.1/../../../../arm-none-eabi/lib/thumb/v7-m/nofp\libc_nano.a(lib_a-sprintf.o)
                0x000000000800b29c                siprintf
                0x000000000800b29c                sprintf
 .text.sulp     0x000000000800b2dc       0x42 F:/stm32cube/STM32CubeIDE_1.17.0/STM32CubeIDE/plugins/com.st.stm32cube.ide.mcu.externaltools.gnu-tools-for-stm32.10.3-2021.10.win32_1.2.0.202410251133/tools/bin/../lib/gcc/arm-none-eabi/10.3.1/../../../../arm-none-eabi/lib/thumb/v7-m/nofp\libc_nano.a(lib_a-strtod.o)
 *fill*         0x000000000800b31e        0x2 
 .text._strtod_l
                0x000000000800b320      0xbd0 F:/stm32cube/STM32CubeIDE_1.17.0/STM32CubeIDE/plugins/com.st.stm32cube.ide.mcu.externaltools.gnu-tools-for-stm32.10.3-2021.10.win32_1.2.0.202410251133/tools/bin/../lib/gcc/arm-none-eabi/10.3.1/../../../../arm-none-eabi/lib/thumb/v7-m/nofp\libc_nano.a(lib_a-strtod.o)
                0x000000000800b320                _strtod_l
 .text._strtod_r
                0x000000000800bef0        0xc F:/stm32cube/STM32CubeIDE_1.17.0/STM32CubeIDE/plugins/com.st.stm32cube.ide.mcu.externaltools.gnu-tools-for-stm32.10.3-2021.10.win32_1.2.0.202410251133/tools/bin/../lib/gcc/arm-none-eabi/10.3.1/../../../../arm-none-eabi/lib/thumb/v7-m/nofp\libc_nano.a(lib_a-strtod.o)
                0x000000000800bef0                _strtod_r
 .text._strtol_l.constprop.0
                0x000000000800befc       0xf8 F:/stm32cube/STM32CubeIDE_1.17.0/STM32CubeIDE/plugins/com.st.stm32cube.ide.mcu.externaltools.gnu-tools-for-stm32.10.3-2021.10.win32_1.2.0.202410251133/tools/bin/../lib/gcc/arm-none-eabi/10.3.1/../../../../arm-none-eabi/lib/thumb/v7-m/nofp\libc_nano.a(lib_a-strtol.o)
 .text._strtol_r
                0x000000000800bff4        0x4 F:/stm32cube/STM32CubeIDE_1.17.0/STM32CubeIDE/plugins/com.st.stm32cube.ide.mcu.externaltools.gnu-tools-for-stm32.10.3-2021.10.win32_1.2.0.202410251133/tools/bin/../lib/gcc/arm-none-eabi/10.3.1/../../../../arm-none-eabi/lib/thumb/v7-m/nofp\libc_nano.a(lib_a-strtol.o)
                0x000000000800bff4                _strtol_r
 .text.strtol   0x000000000800bff8       0x14 F:/stm32cube/STM32CubeIDE_1.17.0/STM32CubeIDE/plugins/com.st.stm32cube.ide.mcu.externaltools.gnu-tools-for-stm32.10.3-2021.10.win32_1.2.0.202410251133/tools/bin/../lib/gcc/arm-none-eabi/10.3.1/../../../../arm-none-eabi/lib/thumb/v7-m/nofp\libc_nano.a(lib_a-strtol.o)
                0x000000000800bff8                strtol
 .text.quorem   0x000000000800c00c      0x118 F:/stm32cube/STM32CubeIDE_1.17.0/STM32CubeIDE/plugins/com.st.stm32cube.ide.mcu.externaltools.gnu-tools-for-stm32.10.3-2021.10.win32_1.2.0.202410251133/tools/bin/../lib/gcc/arm-none-eabi/10.3.1/../../../../arm-none-eabi/lib/thumb/v7-m/nofp\libc_nano.a(lib_a-dtoa.o)
 *fill*         0x000000000800c124        0x4 
 .text._dtoa_r  0x000000000800c128      0xbdc F:/stm32cube/STM32CubeIDE_1.17.0/STM32CubeIDE/plugins/com.st.stm32cube.ide.mcu.externaltools.gnu-tools-for-stm32.10.3-2021.10.win32_1.2.0.202410251133/tools/bin/../lib/gcc/arm-none-eabi/10.3.1/../../../../arm-none-eabi/lib/thumb/v7-m/nofp\libc_nano.a(lib_a-dtoa.o)
                0x000000000800c128                _dtoa_r
 .text.std      0x000000000800cd04       0x48 F:/stm32cube/STM32CubeIDE_1.17.0/STM32CubeIDE/plugins/com.st.stm32cube.ide.mcu.externaltools.gnu-tools-for-stm32.10.3-2021.10.win32_1.2.0.202410251133/tools/bin/../lib/gcc/arm-none-eabi/10.3.1/../../../../arm-none-eabi/lib/thumb/v7-m/nofp\libc_nano.a(lib_a-findfp.o)
 .text._cleanup_r
                0x000000000800cd4c        0xc F:/stm32cube/STM32CubeIDE_1.17.0/STM32CubeIDE/plugins/com.st.stm32cube.ide.mcu.externaltools.gnu-tools-for-stm32.10.3-2021.10.win32_1.2.0.202410251133/tools/bin/../lib/gcc/arm-none-eabi/10.3.1/../../../../arm-none-eabi/lib/thumb/v7-m/nofp\libc_nano.a(lib_a-findfp.o)
                0x000000000800cd4c                _cleanup_r
 .text.__sfmoreglue
                0x000000000800cd58       0x2c F:/stm32cube/STM32CubeIDE_1.17.0/STM32CubeIDE/plugins/com.st.stm32cube.ide.mcu.externaltools.gnu-tools-for-stm32.10.3-2021.10.win32_1.2.0.202410251133/tools/bin/../lib/gcc/arm-none-eabi/10.3.1/../../../../arm-none-eabi/lib/thumb/v7-m/nofp\libc_nano.a(lib_a-findfp.o)
                0x000000000800cd58                __sfmoreglue
 .text.__sfp_lock_acquire
                0x000000000800cd84        0xc F:/stm32cube/STM32CubeIDE_1.17.0/STM32CubeIDE/plugins/com.st.stm32cube.ide.mcu.externaltools.gnu-tools-for-stm32.10.3-2021.10.win32_1.2.0.202410251133/tools/bin/../lib/gcc/arm-none-eabi/10.3.1/../../../../arm-none-eabi/lib/thumb/v7-m/nofp\libc_nano.a(lib_a-findfp.o)
                0x000000000800cd84                __sfp_lock_acquire
 .text.__sfp_lock_release
                0x000000000800cd90        0xc F:/stm32cube/STM32CubeIDE_1.17.0/STM32CubeIDE/plugins/com.st.stm32cube.ide.mcu.externaltools.gnu-tools-for-stm32.10.3-2021.10.win32_1.2.0.202410251133/tools/bin/../lib/gcc/arm-none-eabi/10.3.1/../../../../arm-none-eabi/lib/thumb/v7-m/nofp\libc_nano.a(lib_a-findfp.o)
                0x000000000800cd90                __sfp_lock_release
 .text.__sinit_lock_acquire
                0x000000000800cd9c        0xc F:/stm32cube/STM32CubeIDE_1.17.0/STM32CubeIDE/plugins/com.st.stm32cube.ide.mcu.externaltools.gnu-tools-for-stm32.10.3-2021.10.win32_1.2.0.202410251133/tools/bin/../lib/gcc/arm-none-eabi/10.3.1/../../../../arm-none-eabi/lib/thumb/v7-m/nofp\libc_nano.a(lib_a-findfp.o)
                0x000000000800cd9c                __sinit_lock_acquire
 .text.__sinit_lock_release
                0x000000000800cda8        0xc F:/stm32cube/STM32CubeIDE_1.17.0/STM32CubeIDE/plugins/com.st.stm32cube.ide.mcu.externaltools.gnu-tools-for-stm32.10.3-2021.10.win32_1.2.0.202410251133/tools/bin/../lib/gcc/arm-none-eabi/10.3.1/../../../../arm-none-eabi/lib/thumb/v7-m/nofp\libc_nano.a(lib_a-findfp.o)
                0x000000000800cda8                __sinit_lock_release
 .text.__sinit  0x000000000800cdb4       0x70 F:/stm32cube/STM32CubeIDE_1.17.0/STM32CubeIDE/plugins/com.st.stm32cube.ide.mcu.externaltools.gnu-tools-for-stm32.10.3-2021.10.win32_1.2.0.202410251133/tools/bin/../lib/gcc/arm-none-eabi/10.3.1/../../../../arm-none-eabi/lib/thumb/v7-m/nofp\libc_nano.a(lib_a-findfp.o)
                0x000000000800cdb4                __sinit
 .text.__sfp    0x000000000800ce24       0x8c F:/stm32cube/STM32CubeIDE_1.17.0/STM32CubeIDE/plugins/com.st.stm32cube.ide.mcu.externaltools.gnu-tools-for-stm32.10.3-2021.10.win32_1.2.0.202410251133/tools/bin/../lib/gcc/arm-none-eabi/10.3.1/../../../../arm-none-eabi/lib/thumb/v7-m/nofp\libc_nano.a(lib_a-findfp.o)
                0x000000000800ce24                __sfp
 .text._fwalk_reent
                0x000000000800ceb0       0x3e F:/stm32cube/STM32CubeIDE_1.17.0/STM32CubeIDE/plugins/com.st.stm32cube.ide.mcu.externaltools.gnu-tools-for-stm32.10.3-2021.10.win32_1.2.0.202410251133/tools/bin/../lib/gcc/arm-none-eabi/10.3.1/../../../../arm-none-eabi/lib/thumb/v7-m/nofp\libc_nano.a(lib_a-fwalk.o)
                0x000000000800ceb0                _fwalk_reent
 .text.rshift   0x000000000800ceee       0xa6 F:/stm32cube/STM32CubeIDE_1.17.0/STM32CubeIDE/plugins/com.st.stm32cube.ide.mcu.externaltools.gnu-tools-for-stm32.10.3-2021.10.win32_1.2.0.202410251133/tools/bin/../lib/gcc/arm-none-eabi/10.3.1/../../../../arm-none-eabi/lib/thumb/v7-m/nofp\libc_nano.a(lib_a-gdtoa-gethex.o)
 .text.__hexdig_fun
                0x000000000800cf94       0x2a F:/stm32cube/STM32CubeIDE_1.17.0/STM32CubeIDE/plugins/com.st.stm32cube.ide.mcu.externaltools.gnu-tools-for-stm32.10.3-2021.10.win32_1.2.0.202410251133/tools/bin/../lib/gcc/arm-none-eabi/10.3.1/../../../../arm-none-eabi/lib/thumb/v7-m/nofp\libc_nano.a(lib_a-gdtoa-gethex.o)
                0x000000000800cf94                __hexdig_fun
 *fill*         0x000000000800cfbe        0x2 
 .text.__gethex
                0x000000000800cfc0      0x478 F:/stm32cube/STM32CubeIDE_1.17.0/STM32CubeIDE/plugins/com.st.stm32cube.ide.mcu.externaltools.gnu-tools-for-stm32.10.3-2021.10.win32_1.2.0.202410251133/tools/bin/../lib/gcc/arm-none-eabi/10.3.1/../../../../arm-none-eabi/lib/thumb/v7-m/nofp\libc_nano.a(lib_a-gdtoa-gethex.o)
                0x000000000800cfc0                __gethex
 .text.L_shift  0x000000000800d438       0x24 F:/stm32cube/STM32CubeIDE_1.17.0/STM32CubeIDE/plugins/com.st.stm32cube.ide.mcu.externaltools.gnu-tools-for-stm32.10.3-2021.10.win32_1.2.0.202410251133/tools/bin/../lib/gcc/arm-none-eabi/10.3.1/../../../../arm-none-eabi/lib/thumb/v7-m/nofp\libc_nano.a(lib_a-gdtoa-hexnan.o)
 .text.__match  0x000000000800d45c       0x28 F:/stm32cube/STM32CubeIDE_1.17.0/STM32CubeIDE/plugins/com.st.stm32cube.ide.mcu.externaltools.gnu-tools-for-stm32.10.3-2021.10.win32_1.2.0.202410251133/tools/bin/../lib/gcc/arm-none-eabi/10.3.1/../../../../arm-none-eabi/lib/thumb/v7-m/nofp\libc_nano.a(lib_a-gdtoa-hexnan.o)
                0x000000000800d45c                __match
 .text.__hexnan
                0x000000000800d484      0x138 F:/stm32cube/STM32CubeIDE_1.17.0/STM32CubeIDE/plugins/com.st.stm32cube.ide.mcu.externaltools.gnu-tools-for-stm32.10.3-2021.10.win32_1.2.0.202410251133/tools/bin/../lib/gcc/arm-none-eabi/10.3.1/../../../../arm-none-eabi/lib/thumb/v7-m/nofp\libc_nano.a(lib_a-gdtoa-hexnan.o)
                0x000000000800d484                __hexnan
 .text._localeconv_r
                0x000000000800d5bc        0x8 F:/stm32cube/STM32CubeIDE_1.17.0/STM32CubeIDE/plugins/com.st.stm32cube.ide.mcu.externaltools.gnu-tools-for-stm32.10.3-2021.10.win32_1.2.0.202410251133/tools/bin/../lib/gcc/arm-none-eabi/10.3.1/../../../../arm-none-eabi/lib/thumb/v7-m/nofp\libc_nano.a(lib_a-localeconv.o)
                0x000000000800d5bc                _localeconv_r
 .text.__retarget_lock_init_recursive
                0x000000000800d5c4        0x2 F:/stm32cube/STM32CubeIDE_1.17.0/STM32CubeIDE/plugins/com.st.stm32cube.ide.mcu.externaltools.gnu-tools-for-stm32.10.3-2021.10.win32_1.2.0.202410251133/tools/bin/../lib/gcc/arm-none-eabi/10.3.1/../../../../arm-none-eabi/lib/thumb/v7-m/nofp\libc_nano.a(lib_a-lock.o)
                0x000000000800d5c4                __retarget_lock_init_recursive
 .text.__retarget_lock_acquire_recursive
                0x000000000800d5c6        0x2 F:/stm32cube/STM32CubeIDE_1.17.0/STM32CubeIDE/plugins/com.st.stm32cube.ide.mcu.externaltools.gnu-tools-for-stm32.10.3-2021.10.win32_1.2.0.202410251133/tools/bin/../lib/gcc/arm-none-eabi/10.3.1/../../../../arm-none-eabi/lib/thumb/v7-m/nofp\libc_nano.a(lib_a-lock.o)
                0x000000000800d5c6                __retarget_lock_acquire_recursive
 .text.__retarget_lock_release_recursive
                0x000000000800d5c8        0x2 F:/stm32cube/STM32CubeIDE_1.17.0/STM32CubeIDE/plugins/com.st.stm32cube.ide.mcu.externaltools.gnu-tools-for-stm32.10.3-2021.10.win32_1.2.0.202410251133/tools/bin/../lib/gcc/arm-none-eabi/10.3.1/../../../../arm-none-eabi/lib/thumb/v7-m/nofp\libc_nano.a(lib_a-lock.o)
                0x000000000800d5c8                __retarget_lock_release_recursive
 *fill*         0x000000000800d5ca        0x2 
 .text.malloc   0x000000000800d5cc       0x10 F:/stm32cube/STM32CubeIDE_1.17.0/STM32CubeIDE/plugins/com.st.stm32cube.ide.mcu.externaltools.gnu-tools-for-stm32.10.3-2021.10.win32_1.2.0.202410251133/tools/bin/../lib/gcc/arm-none-eabi/10.3.1/../../../../arm-none-eabi/lib/thumb/v7-m/nofp\libc_nano.a(lib_a-malloc.o)
                0x000000000800d5cc                malloc
 .text.__ascii_mbtowc
                0x000000000800d5dc       0x24 F:/stm32cube/STM32CubeIDE_1.17.0/STM32CubeIDE/plugins/com.st.stm32cube.ide.mcu.externaltools.gnu-tools-for-stm32.10.3-2021.10.win32_1.2.0.202410251133/tools/bin/../lib/gcc/arm-none-eabi/10.3.1/../../../../arm-none-eabi/lib/thumb/v7-m/nofp\libc_nano.a(lib_a-mbtowc_r.o)
                0x000000000800d5dc                __ascii_mbtowc
 .text.memchr   0x000000000800d600       0x1c F:/stm32cube/STM32CubeIDE_1.17.0/STM32CubeIDE/plugins/com.st.stm32cube.ide.mcu.externaltools.gnu-tools-for-stm32.10.3-2021.10.win32_1.2.0.202410251133/tools/bin/../lib/gcc/arm-none-eabi/10.3.1/../../../../arm-none-eabi/lib/thumb/v7-m/nofp\libc_nano.a(lib_a-memchr-stub.o)
                0x000000000800d600                memchr
 .text.memcpy   0x000000000800d61c       0x1c F:/stm32cube/STM32CubeIDE_1.17.0/STM32CubeIDE/plugins/com.st.stm32cube.ide.mcu.externaltools.gnu-tools-for-stm32.10.3-2021.10.win32_1.2.0.202410251133/tools/bin/../lib/gcc/arm-none-eabi/10.3.1/../../../../arm-none-eabi/lib/thumb/v7-m/nofp\libc_nano.a(lib_a-memcpy-stub.o)
                0x000000000800d61c                memcpy
 .text._Balloc  0x000000000800d638       0x80 F:/stm32cube/STM32CubeIDE_1.17.0/STM32CubeIDE/plugins/com.st.stm32cube.ide.mcu.externaltools.gnu-tools-for-stm32.10.3-2021.10.win32_1.2.0.202410251133/tools/bin/../lib/gcc/arm-none-eabi/10.3.1/../../../../arm-none-eabi/lib/thumb/v7-m/nofp\libc_nano.a(lib_a-mprec.o)
                0x000000000800d638                _Balloc
 .text._Bfree   0x000000000800d6b8       0x44 F:/stm32cube/STM32CubeIDE_1.17.0/STM32CubeIDE/plugins/com.st.stm32cube.ide.mcu.externaltools.gnu-tools-for-stm32.10.3-2021.10.win32_1.2.0.202410251133/tools/bin/../lib/gcc/arm-none-eabi/10.3.1/../../../../arm-none-eabi/lib/thumb/v7-m/nofp\libc_nano.a(lib_a-mprec.o)
                0x000000000800d6b8                _Bfree
 .text.__multadd
                0x000000000800d6fc       0x8c F:/stm32cube/STM32CubeIDE_1.17.0/STM32CubeIDE/plugins/com.st.stm32cube.ide.mcu.externaltools.gnu-tools-for-stm32.10.3-2021.10.win32_1.2.0.202410251133/tools/bin/../lib/gcc/arm-none-eabi/10.3.1/../../../../arm-none-eabi/lib/thumb/v7-m/nofp\libc_nano.a(lib_a-mprec.o)
                0x000000000800d6fc                __multadd
 .text.__s2b    0x000000000800d788       0x94 F:/stm32cube/STM32CubeIDE_1.17.0/STM32CubeIDE/plugins/com.st.stm32cube.ide.mcu.externaltools.gnu-tools-for-stm32.10.3-2021.10.win32_1.2.0.202410251133/tools/bin/../lib/gcc/arm-none-eabi/10.3.1/../../../../arm-none-eabi/lib/thumb/v7-m/nofp\libc_nano.a(lib_a-mprec.o)
                0x000000000800d788                __s2b
 .text.__hi0bits
                0x000000000800d81c       0x40 F:/stm32cube/STM32CubeIDE_1.17.0/STM32CubeIDE/plugins/com.st.stm32cube.ide.mcu.externaltools.gnu-tools-for-stm32.10.3-2021.10.win32_1.2.0.202410251133/tools/bin/../lib/gcc/arm-none-eabi/10.3.1/../../../../arm-none-eabi/lib/thumb/v7-m/nofp\libc_nano.a(lib_a-mprec.o)
                0x000000000800d81c                __hi0bits
 .text.__lo0bits
                0x000000000800d85c       0x5a F:/stm32cube/STM32CubeIDE_1.17.0/STM32CubeIDE/plugins/com.st.stm32cube.ide.mcu.externaltools.gnu-tools-for-stm32.10.3-2021.10.win32_1.2.0.202410251133/tools/bin/../lib/gcc/arm-none-eabi/10.3.1/../../../../arm-none-eabi/lib/thumb/v7-m/nofp\libc_nano.a(lib_a-mprec.o)
                0x000000000800d85c                __lo0bits
 *fill*         0x000000000800d8b6        0x2 
 .text.__i2b    0x000000000800d8b8       0x2c F:/stm32cube/STM32CubeIDE_1.17.0/STM32CubeIDE/plugins/com.st.stm32cube.ide.mcu.externaltools.gnu-tools-for-stm32.10.3-2021.10.win32_1.2.0.202410251133/tools/bin/../lib/gcc/arm-none-eabi/10.3.1/../../../../arm-none-eabi/lib/thumb/v7-m/nofp\libc_nano.a(lib_a-mprec.o)
                0x000000000800d8b8                __i2b
 .text.__multiply
                0x000000000800d8e4      0x150 F:/stm32cube/STM32CubeIDE_1.17.0/STM32CubeIDE/plugins/com.st.stm32cube.ide.mcu.externaltools.gnu-tools-for-stm32.10.3-2021.10.win32_1.2.0.202410251133/tools/bin/../lib/gcc/arm-none-eabi/10.3.1/../../../../arm-none-eabi/lib/thumb/v7-m/nofp\libc_nano.a(lib_a-mprec.o)
                0x000000000800d8e4                __multiply
 .text.__pow5mult
                0x000000000800da34       0xb4 F:/stm32cube/STM32CubeIDE_1.17.0/STM32CubeIDE/plugins/com.st.stm32cube.ide.mcu.externaltools.gnu-tools-for-stm32.10.3-2021.10.win32_1.2.0.202410251133/tools/bin/../lib/gcc/arm-none-eabi/10.3.1/../../../../arm-none-eabi/lib/thumb/v7-m/nofp\libc_nano.a(lib_a-mprec.o)
                0x000000000800da34                __pow5mult
 .text.__lshift
                0x000000000800dae8       0xe0 F:/stm32cube/STM32CubeIDE_1.17.0/STM32CubeIDE/plugins/com.st.stm32cube.ide.mcu.externaltools.gnu-tools-for-stm32.10.3-2021.10.win32_1.2.0.202410251133/tools/bin/../lib/gcc/arm-none-eabi/10.3.1/../../../../arm-none-eabi/lib/thumb/v7-m/nofp\libc_nano.a(lib_a-mprec.o)
                0x000000000800dae8                __lshift
 .text.__mcmp   0x000000000800dbc8       0x36 F:/stm32cube/STM32CubeIDE_1.17.0/STM32CubeIDE/plugins/com.st.stm32cube.ide.mcu.externaltools.gnu-tools-for-stm32.10.3-2021.10.win32_1.2.0.202410251133/tools/bin/../lib/gcc/arm-none-eabi/10.3.1/../../../../arm-none-eabi/lib/thumb/v7-m/nofp\libc_nano.a(lib_a-mprec.o)
                0x000000000800dbc8                __mcmp
 *fill*         0x000000000800dbfe        0x2 
 .text.__mdiff  0x000000000800dc00      0x118 F:/stm32cube/STM32CubeIDE_1.17.0/STM32CubeIDE/plugins/com.st.stm32cube.ide.mcu.externaltools.gnu-tools-for-stm32.10.3-2021.10.win32_1.2.0.202410251133/tools/bin/../lib/gcc/arm-none-eabi/10.3.1/../../../../arm-none-eabi/lib/thumb/v7-m/nofp\libc_nano.a(lib_a-mprec.o)
                0x000000000800dc00                __mdiff
 .text.__ulp    0x000000000800dd18       0x4c F:/stm32cube/STM32CubeIDE_1.17.0/STM32CubeIDE/plugins/com.st.stm32cube.ide.mcu.externaltools.gnu-tools-for-stm32.10.3-2021.10.win32_1.2.0.202410251133/tools/bin/../lib/gcc/arm-none-eabi/10.3.1/../../../../arm-none-eabi/lib/thumb/v7-m/nofp\libc_nano.a(lib_a-mprec.o)
                0x000000000800dd18                __ulp
 .text.__b2d    0x000000000800dd64       0xa8 F:/stm32cube/STM32CubeIDE_1.17.0/STM32CubeIDE/plugins/com.st.stm32cube.ide.mcu.externaltools.gnu-tools-for-stm32.10.3-2021.10.win32_1.2.0.202410251133/tools/bin/../lib/gcc/arm-none-eabi/10.3.1/../../../../arm-none-eabi/lib/thumb/v7-m/nofp\libc_nano.a(lib_a-mprec.o)
                0x000000000800dd64                __b2d
 .text.__d2b    0x000000000800de0c       0xb8 F:/stm32cube/STM32CubeIDE_1.17.0/STM32CubeIDE/plugins/com.st.stm32cube.ide.mcu.externaltools.gnu-tools-for-stm32.10.3-2021.10.win32_1.2.0.202410251133/tools/bin/../lib/gcc/arm-none-eabi/10.3.1/../../../../arm-none-eabi/lib/thumb/v7-m/nofp\libc_nano.a(lib_a-mprec.o)
                0x000000000800de0c                __d2b
 .text.__ratio  0x000000000800dec4       0x5c F:/stm32cube/STM32CubeIDE_1.17.0/STM32CubeIDE/plugins/com.st.stm32cube.ide.mcu.externaltools.gnu-tools-for-stm32.10.3-2021.10.win32_1.2.0.202410251133/tools/bin/../lib/gcc/arm-none-eabi/10.3.1/../../../../arm-none-eabi/lib/thumb/v7-m/nofp\libc_nano.a(lib_a-mprec.o)
                0x000000000800dec4                __ratio
 .text.__copybits
                0x000000000800df20       0x46 F:/stm32cube/STM32CubeIDE_1.17.0/STM32CubeIDE/plugins/com.st.stm32cube.ide.mcu.externaltools.gnu-tools-for-stm32.10.3-2021.10.win32_1.2.0.202410251133/tools/bin/../lib/gcc/arm-none-eabi/10.3.1/../../../../arm-none-eabi/lib/thumb/v7-m/nofp\libc_nano.a(lib_a-mprec.o)
                0x000000000800df20                __copybits
 .text.__any_on
                0x000000000800df66       0x42 F:/stm32cube/STM32CubeIDE_1.17.0/STM32CubeIDE/plugins/com.st.stm32cube.ide.mcu.externaltools.gnu-tools-for-stm32.10.3-2021.10.win32_1.2.0.202410251133/tools/bin/../lib/gcc/arm-none-eabi/10.3.1/../../../../arm-none-eabi/lib/thumb/v7-m/nofp\libc_nano.a(lib_a-mprec.o)
                0x000000000800df66                __any_on
 .text._calloc_r
                0x000000000800dfa8       0x28 F:/stm32cube/STM32CubeIDE_1.17.0/STM32CubeIDE/plugins/com.st.stm32cube.ide.mcu.externaltools.gnu-tools-for-stm32.10.3-2021.10.win32_1.2.0.202410251133/tools/bin/../lib/gcc/arm-none-eabi/10.3.1/../../../../arm-none-eabi/lib/thumb/v7-m/nofp\libc_nano.a(lib_a-nano-callocr.o)
                0x000000000800dfa8                _calloc_r
 .text._free_r  0x000000000800dfd0       0x90 F:/stm32cube/STM32CubeIDE_1.17.0/STM32CubeIDE/plugins/com.st.stm32cube.ide.mcu.externaltools.gnu-tools-for-stm32.10.3-2021.10.win32_1.2.0.202410251133/tools/bin/../lib/gcc/arm-none-eabi/10.3.1/../../../../arm-none-eabi/lib/thumb/v7-m/nofp\libc_nano.a(lib_a-nano-freer.o)
                0x000000000800dfd0                _free_r
 .text.sbrk_aligned
                0x000000000800e060       0x40 F:/stm32cube/STM32CubeIDE_1.17.0/STM32CubeIDE/plugins/com.st.stm32cube.ide.mcu.externaltools.gnu-tools-for-stm32.10.3-2021.10.win32_1.2.0.202410251133/tools/bin/../lib/gcc/arm-none-eabi/10.3.1/../../../../arm-none-eabi/lib/thumb/v7-m/nofp\libc_nano.a(lib_a-nano-mallocr.o)
 .text._malloc_r
                0x000000000800e0a0       0xe8 F:/stm32cube/STM32CubeIDE_1.17.0/STM32CubeIDE/plugins/com.st.stm32cube.ide.mcu.externaltools.gnu-tools-for-stm32.10.3-2021.10.win32_1.2.0.202410251133/tools/bin/../lib/gcc/arm-none-eabi/10.3.1/../../../../arm-none-eabi/lib/thumb/v7-m/nofp\libc_nano.a(lib_a-nano-mallocr.o)
                0x000000000800e0a0                _malloc_r
 .text.__ssputs_r
                0x000000000800e188       0xb6 F:/stm32cube/STM32CubeIDE_1.17.0/STM32CubeIDE/plugins/com.st.stm32cube.ide.mcu.externaltools.gnu-tools-for-stm32.10.3-2021.10.win32_1.2.0.202410251133/tools/bin/../lib/gcc/arm-none-eabi/10.3.1/../../../../arm-none-eabi/lib/thumb/v7-m/nofp\libc_nano.a(lib_a-nano-svfprintf.o)
                0x000000000800e188                __ssputs_r
 *fill*         0x000000000800e23e        0x2 
 .text._svfprintf_r
                0x000000000800e240      0x200 F:/stm32cube/STM32CubeIDE_1.17.0/STM32CubeIDE/plugins/com.st.stm32cube.ide.mcu.externaltools.gnu-tools-for-stm32.10.3-2021.10.win32_1.2.0.202410251133/tools/bin/../lib/gcc/arm-none-eabi/10.3.1/../../../../arm-none-eabi/lib/thumb/v7-m/nofp\libc_nano.a(lib_a-nano-svfprintf.o)
                0x000000000800e240                _svfiprintf_r
                0x000000000800e240                _svfprintf_r
 .text.__sfputc_r
                0x000000000800e440       0x2a F:/stm32cube/STM32CubeIDE_1.17.0/STM32CubeIDE/plugins/com.st.stm32cube.ide.mcu.externaltools.gnu-tools-for-stm32.10.3-2021.10.win32_1.2.0.202410251133/tools/bin/../lib/gcc/arm-none-eabi/10.3.1/../../../../arm-none-eabi/lib/thumb/v7-m/nofp\libc_nano.a(lib_a-nano-vfprintf.o)
 .text.__sfputs_r
                0x000000000800e46a       0x24 F:/stm32cube/STM32CubeIDE_1.17.0/STM32CubeIDE/plugins/com.st.stm32cube.ide.mcu.externaltools.gnu-tools-for-stm32.10.3-2021.10.win32_1.2.0.202410251133/tools/bin/../lib/gcc/arm-none-eabi/10.3.1/../../../../arm-none-eabi/lib/thumb/v7-m/nofp\libc_nano.a(lib_a-nano-vfprintf.o)
                0x000000000800e46a                __sfputs_r
 *fill*         0x000000000800e48e        0x2 
 .text._vfprintf_r
                0x000000000800e490      0x260 F:/stm32cube/STM32CubeIDE_1.17.0/STM32CubeIDE/plugins/com.st.stm32cube.ide.mcu.externaltools.gnu-tools-for-stm32.10.3-2021.10.win32_1.2.0.202410251133/tools/bin/../lib/gcc/arm-none-eabi/10.3.1/../../../../arm-none-eabi/lib/thumb/v7-m/nofp\libc_nano.a(lib_a-nano-vfprintf.o)
                0x000000000800e490                _vfprintf_r
                0x000000000800e490                _vfiprintf_r
 .text.nan      0x000000000800e6f0        0xc F:/stm32cube/STM32CubeIDE_1.17.0/STM32CubeIDE/plugins/com.st.stm32cube.ide.mcu.externaltools.gnu-tools-for-stm32.10.3-2021.10.win32_1.2.0.202410251133/tools/bin/../lib/gcc/arm-none-eabi/10.3.1/../../../../arm-none-eabi/lib/thumb/v7-m/nofp\libc_nano.a(lib_a-s_nan.o)
                0x000000000800e6f0                nan
 .text._sbrk_r  0x000000000800e6fc       0x20 F:/stm32cube/STM32CubeIDE_1.17.0/STM32CubeIDE/plugins/com.st.stm32cube.ide.mcu.externaltools.gnu-tools-for-stm32.10.3-2021.10.win32_1.2.0.202410251133/tools/bin/../lib/gcc/arm-none-eabi/10.3.1/../../../../arm-none-eabi/lib/thumb/v7-m/nofp\libc_nano.a(lib_a-sbrkr.o)
                0x000000000800e6fc                _sbrk_r
 .text.__sread  0x000000000800e71c       0x22 F:/stm32cube/STM32CubeIDE_1.17.0/STM32CubeIDE/plugins/com.st.stm32cube.ide.mcu.externaltools.gnu-tools-for-stm32.10.3-2021.10.win32_1.2.0.202410251133/tools/bin/../lib/gcc/arm-none-eabi/10.3.1/../../../../arm-none-eabi/lib/thumb/v7-m/nofp\libc_nano.a(lib_a-stdio.o)
                0x000000000800e71c                __sread
 .text.__swrite
                0x000000000800e73e       0x38 F:/stm32cube/STM32CubeIDE_1.17.0/STM32CubeIDE/plugins/com.st.stm32cube.ide.mcu.externaltools.gnu-tools-for-stm32.10.3-2021.10.win32_1.2.0.202410251133/tools/bin/../lib/gcc/arm-none-eabi/10.3.1/../../../../arm-none-eabi/lib/thumb/v7-m/nofp\libc_nano.a(lib_a-stdio.o)
                0x000000000800e73e                __swrite
 .text.__sseek  0x000000000800e776       0x24 F:/stm32cube/STM32CubeIDE_1.17.0/STM32CubeIDE/plugins/com.st.stm32cube.ide.mcu.externaltools.gnu-tools-for-stm32.10.3-2021.10.win32_1.2.0.202410251133/tools/bin/../lib/gcc/arm-none-eabi/10.3.1/../../../../arm-none-eabi/lib/thumb/v7-m/nofp\libc_nano.a(lib_a-stdio.o)
                0x000000000800e776                __sseek
 .text.__sclose
                0x000000000800e79a        0x8 F:/stm32cube/STM32CubeIDE_1.17.0/STM32CubeIDE/plugins/com.st.stm32cube.ide.mcu.externaltools.gnu-tools-for-stm32.10.3-2021.10.win32_1.2.0.202410251133/tools/bin/../lib/gcc/arm-none-eabi/10.3.1/../../../../arm-none-eabi/lib/thumb/v7-m/nofp\libc_nano.a(lib_a-stdio.o)
                0x000000000800e79a                __sclose
 .text.strncmp  0x000000000800e7a2       0x28 F:/stm32cube/STM32CubeIDE_1.17.0/STM32CubeIDE/plugins/com.st.stm32cube.ide.mcu.externaltools.gnu-tools-for-stm32.10.3-2021.10.win32_1.2.0.202410251133/tools/bin/../lib/gcc/arm-none-eabi/10.3.1/../../../../arm-none-eabi/lib/thumb/v7-m/nofp\libc_nano.a(lib_a-strncmp.o)
                0x000000000800e7a2                strncmp
 *fill*         0x000000000800e7ca        0x2 
 .text.__swbuf_r
                0x000000000800e7cc       0xa4 F:/stm32cube/STM32CubeIDE_1.17.0/STM32CubeIDE/plugins/com.st.stm32cube.ide.mcu.externaltools.gnu-tools-for-stm32.10.3-2021.10.win32_1.2.0.202410251133/tools/bin/../lib/gcc/arm-none-eabi/10.3.1/../../../../arm-none-eabi/lib/thumb/v7-m/nofp\libc_nano.a(lib_a-wbuf.o)
                0x000000000800e7cc                __swbuf_r
 .text.__ascii_wctomb
                0x000000000800e870       0x1a F:/stm32cube/STM32CubeIDE_1.17.0/STM32CubeIDE/plugins/com.st.stm32cube.ide.mcu.externaltools.gnu-tools-for-stm32.10.3-2021.10.win32_1.2.0.202410251133/tools/bin/../lib/gcc/arm-none-eabi/10.3.1/../../../../arm-none-eabi/lib/thumb/v7-m/nofp\libc_nano.a(lib_a-wctomb_r.o)
                0x000000000800e870                __ascii_wctomb
 *fill*         0x000000000800e88a        0x2 
 .text._write_r
                0x000000000800e88c       0x24 F:/stm32cube/STM32CubeIDE_1.17.0/STM32CubeIDE/plugins/com.st.stm32cube.ide.mcu.externaltools.gnu-tools-for-stm32.10.3-2021.10.win32_1.2.0.202410251133/tools/bin/../lib/gcc/arm-none-eabi/10.3.1/../../../../arm-none-eabi/lib/thumb/v7-m/nofp\libc_nano.a(lib_a-writer.o)
                0x000000000800e88c                _write_r
 .text.__swsetup_r
                0x000000000800e8b0       0xdc F:/stm32cube/STM32CubeIDE_1.17.0/STM32CubeIDE/plugins/com.st.stm32cube.ide.mcu.externaltools.gnu-tools-for-stm32.10.3-2021.10.win32_1.2.0.202410251133/tools/bin/../lib/gcc/arm-none-eabi/10.3.1/../../../../arm-none-eabi/lib/thumb/v7-m/nofp\libc_nano.a(lib_a-wsetup.o)
                0x000000000800e8b0                __swsetup_r
 .text.__assert_func
                0x000000000800e98c       0x3c F:/stm32cube/STM32CubeIDE_1.17.0/STM32CubeIDE/plugins/com.st.stm32cube.ide.mcu.externaltools.gnu-tools-for-stm32.10.3-2021.10.win32_1.2.0.202410251133/tools/bin/../lib/gcc/arm-none-eabi/10.3.1/../../../../arm-none-eabi/lib/thumb/v7-m/nofp\libc_nano.a(lib_a-assert.o)
                0x000000000800e98c                __assert_func
 .text._close_r
                0x000000000800e9c8       0x20 F:/stm32cube/STM32CubeIDE_1.17.0/STM32CubeIDE/plugins/com.st.stm32cube.ide.mcu.externaltools.gnu-tools-for-stm32.10.3-2021.10.win32_1.2.0.202410251133/tools/bin/../lib/gcc/arm-none-eabi/10.3.1/../../../../arm-none-eabi/lib/thumb/v7-m/nofp\libc_nano.a(lib_a-closer.o)
                0x000000000800e9c8                _close_r
 .text.__sflush_r
                0x000000000800e9e8      0x104 F:/stm32cube/STM32CubeIDE_1.17.0/STM32CubeIDE/plugins/com.st.stm32cube.ide.mcu.externaltools.gnu-tools-for-stm32.10.3-2021.10.win32_1.2.0.202410251133/tools/bin/../lib/gcc/arm-none-eabi/10.3.1/../../../../arm-none-eabi/lib/thumb/v7-m/nofp\libc_nano.a(lib_a-fflush.o)
                0x000000000800e9e8                __sflush_r
 .text._fflush_r
                0x000000000800eaec       0x78 F:/stm32cube/STM32CubeIDE_1.17.0/STM32CubeIDE/plugins/com.st.stm32cube.ide.mcu.externaltools.gnu-tools-for-stm32.10.3-2021.10.win32_1.2.0.202410251133/tools/bin/../lib/gcc/arm-none-eabi/10.3.1/../../../../arm-none-eabi/lib/thumb/v7-m/nofp\libc_nano.a(lib_a-fflush.o)
                0x000000000800eaec                _fflush_r
 .text.fprintf  0x000000000800eb64       0x24 F:/stm32cube/STM32CubeIDE_1.17.0/STM32CubeIDE/plugins/com.st.stm32cube.ide.mcu.externaltools.gnu-tools-for-stm32.10.3-2021.10.win32_1.2.0.202410251133/tools/bin/../lib/gcc/arm-none-eabi/10.3.1/../../../../arm-none-eabi/lib/thumb/v7-m/nofp\libc_nano.a(lib_a-fprintf.o)
                0x000000000800eb64                fiprintf
                0x000000000800eb64                fprintf
 .text._lseek_r
                0x000000000800eb88       0x24 F:/stm32cube/STM32CubeIDE_1.17.0/STM32CubeIDE/plugins/com.st.stm32cube.ide.mcu.externaltools.gnu-tools-for-stm32.10.3-2021.10.win32_1.2.0.202410251133/tools/bin/../lib/gcc/arm-none-eabi/10.3.1/../../../../arm-none-eabi/lib/thumb/v7-m/nofp\libc_nano.a(lib_a-lseekr.o)
                0x000000000800eb88                _lseek_r
 .text.__swhatbuf_r
                0x000000000800ebac       0x4a F:/stm32cube/STM32CubeIDE_1.17.0/STM32CubeIDE/plugins/com.st.stm32cube.ide.mcu.externaltools.gnu-tools-for-stm32.10.3-2021.10.win32_1.2.0.202410251133/tools/bin/../lib/gcc/arm-none-eabi/10.3.1/../../../../arm-none-eabi/lib/thumb/v7-m/nofp\libc_nano.a(lib_a-makebuf.o)
                0x000000000800ebac                __swhatbuf_r
 *fill*         0x000000000800ebf6        0x2 
 .text.__smakebuf_r
                0x000000000800ebf8       0x80 F:/stm32cube/STM32CubeIDE_1.17.0/STM32CubeIDE/plugins/com.st.stm32cube.ide.mcu.externaltools.gnu-tools-for-stm32.10.3-2021.10.win32_1.2.0.202410251133/tools/bin/../lib/gcc/arm-none-eabi/10.3.1/../../../../arm-none-eabi/lib/thumb/v7-m/nofp\libc_nano.a(lib_a-makebuf.o)
                0x000000000800ebf8                __smakebuf_r
 .text.memmove  0x000000000800ec78       0x34 F:/stm32cube/STM32CubeIDE_1.17.0/STM32CubeIDE/plugins/com.st.stm32cube.ide.mcu.externaltools.gnu-tools-for-stm32.10.3-2021.10.win32_1.2.0.202410251133/tools/bin/../lib/gcc/arm-none-eabi/10.3.1/../../../../arm-none-eabi/lib/thumb/v7-m/nofp\libc_nano.a(lib_a-memmove.o)
                0x000000000800ec78                memmove
 .text.__malloc_lock
                0x000000000800ecac        0xc F:/stm32cube/STM32CubeIDE_1.17.0/STM32CubeIDE/plugins/com.st.stm32cube.ide.mcu.externaltools.gnu-tools-for-stm32.10.3-2021.10.win32_1.2.0.202410251133/tools/bin/../lib/gcc/arm-none-eabi/10.3.1/../../../../arm-none-eabi/lib/thumb/v7-m/nofp\libc_nano.a(lib_a-mlock.o)
                0x000000000800ecac                __malloc_lock
 .text.__malloc_unlock
                0x000000000800ecb8        0xc F:/stm32cube/STM32CubeIDE_1.17.0/STM32CubeIDE/plugins/com.st.stm32cube.ide.mcu.externaltools.gnu-tools-for-stm32.10.3-2021.10.win32_1.2.0.202410251133/tools/bin/../lib/gcc/arm-none-eabi/10.3.1/../../../../arm-none-eabi/lib/thumb/v7-m/nofp\libc_nano.a(lib_a-mlock.o)
                0x000000000800ecb8                __malloc_unlock
 .text._realloc_r
                0x000000000800ecc4       0x5e F:/stm32cube/STM32CubeIDE_1.17.0/STM32CubeIDE/plugins/com.st.stm32cube.ide.mcu.externaltools.gnu-tools-for-stm32.10.3-2021.10.win32_1.2.0.202410251133/tools/bin/../lib/gcc/arm-none-eabi/10.3.1/../../../../arm-none-eabi/lib/thumb/v7-m/nofp\libc_nano.a(lib_a-nano-reallocr.o)
                0x000000000800ecc4                _realloc_r
 *fill*         0x000000000800ed22        0x2 
 .text._read_r  0x000000000800ed24       0x24 F:/stm32cube/STM32CubeIDE_1.17.0/STM32CubeIDE/plugins/com.st.stm32cube.ide.mcu.externaltools.gnu-tools-for-stm32.10.3-2021.10.win32_1.2.0.202410251133/tools/bin/../lib/gcc/arm-none-eabi/10.3.1/../../../../arm-none-eabi/lib/thumb/v7-m/nofp\libc_nano.a(lib_a-readr.o)
                0x000000000800ed24                _read_r
 .text.abort    0x000000000800ed48        0xe F:/stm32cube/STM32CubeIDE_1.17.0/STM32CubeIDE/plugins/com.st.stm32cube.ide.mcu.externaltools.gnu-tools-for-stm32.10.3-2021.10.win32_1.2.0.202410251133/tools/bin/../lib/gcc/arm-none-eabi/10.3.1/../../../../arm-none-eabi/lib/thumb/v7-m/nofp\libc_nano.a(lib_a-abort.o)
                0x000000000800ed48                abort
 *fill*         0x000000000800ed56        0x2 
 .text._fstat_r
                0x000000000800ed58       0x24 F:/stm32cube/STM32CubeIDE_1.17.0/STM32CubeIDE/plugins/com.st.stm32cube.ide.mcu.externaltools.gnu-tools-for-stm32.10.3-2021.10.win32_1.2.0.202410251133/tools/bin/../lib/gcc/arm-none-eabi/10.3.1/../../../../arm-none-eabi/lib/thumb/v7-m/nofp\libc_nano.a(lib_a-fstatr.o)
                0x000000000800ed58                _fstat_r
 .text._isatty_r
                0x000000000800ed7c       0x20 F:/stm32cube/STM32CubeIDE_1.17.0/STM32CubeIDE/plugins/com.st.stm32cube.ide.mcu.externaltools.gnu-tools-for-stm32.10.3-2021.10.win32_1.2.0.202410251133/tools/bin/../lib/gcc/arm-none-eabi/10.3.1/../../../../arm-none-eabi/lib/thumb/v7-m/nofp\libc_nano.a(lib_a-isattyr.o)
                0x000000000800ed7c                _isatty_r
 .text._malloc_usable_size_r
                0x000000000800ed9c       0x10 F:/stm32cube/STM32CubeIDE_1.17.0/STM32CubeIDE/plugins/com.st.stm32cube.ide.mcu.externaltools.gnu-tools-for-stm32.10.3-2021.10.win32_1.2.0.202410251133/tools/bin/../lib/gcc/arm-none-eabi/10.3.1/../../../../arm-none-eabi/lib/thumb/v7-m/nofp\libc_nano.a(lib_a-nano-msizer.o)
                0x000000000800ed9c                _malloc_usable_size_r
 .text._raise_r
                0x000000000800edac       0x50 F:/stm32cube/STM32CubeIDE_1.17.0/STM32CubeIDE/plugins/com.st.stm32cube.ide.mcu.externaltools.gnu-tools-for-stm32.10.3-2021.10.win32_1.2.0.202410251133/tools/bin/../lib/gcc/arm-none-eabi/10.3.1/../../../../arm-none-eabi/lib/thumb/v7-m/nofp\libc_nano.a(lib_a-signal.o)
                0x000000000800edac                _raise_r
 .text.raise    0x000000000800edfc       0x10 F:/stm32cube/STM32CubeIDE_1.17.0/STM32CubeIDE/plugins/com.st.stm32cube.ide.mcu.externaltools.gnu-tools-for-stm32.10.3-2021.10.win32_1.2.0.202410251133/tools/bin/../lib/gcc/arm-none-eabi/10.3.1/../../../../arm-none-eabi/lib/thumb/v7-m/nofp\libc_nano.a(lib_a-signal.o)
                0x000000000800edfc                raise
 .text._kill_r  0x000000000800ee0c       0x24 F:/stm32cube/STM32CubeIDE_1.17.0/STM32CubeIDE/plugins/com.st.stm32cube.ide.mcu.externaltools.gnu-tools-for-stm32.10.3-2021.10.win32_1.2.0.202410251133/tools/bin/../lib/gcc/arm-none-eabi/10.3.1/../../../../arm-none-eabi/lib/thumb/v7-m/nofp\libc_nano.a(lib_a-signalr.o)
                0x000000000800ee0c                _kill_r
 .text._getpid_r
                0x000000000800ee30        0x4 F:/stm32cube/STM32CubeIDE_1.17.0/STM32CubeIDE/plugins/com.st.stm32cube.ide.mcu.externaltools.gnu-tools-for-stm32.10.3-2021.10.win32_1.2.0.202410251133/tools/bin/../lib/gcc/arm-none-eabi/10.3.1/../../../../arm-none-eabi/lib/thumb/v7-m/nofp\libc_nano.a(lib_a-signalr.o)
                0x000000000800ee30                _getpid_r
 *(.glue_7)
 .glue_7        0x000000000800ee34        0x0 linker stubs
 *(.glue_7t)
 .glue_7t       0x000000000800ee34        0x0 linker stubs
 *(.eh_frame)
 .eh_frame      0x000000000800ee34        0x0 F:/stm32cube/STM32CubeIDE_1.17.0/STM32CubeIDE/plugins/com.st.stm32cube.ide.mcu.externaltools.gnu-tools-for-stm32.10.3-2021.10.win32_1.2.0.202410251133/tools/bin/../lib/gcc/arm-none-eabi/10.3.1/thumb/v7-m/nofp/crtbegin.o
 *(.init)
 .init          0x000000000800ee34        0x4 F:/stm32cube/STM32CubeIDE_1.17.0/STM32CubeIDE/plugins/com.st.stm32cube.ide.mcu.externaltools.gnu-tools-for-stm32.10.3-2021.10.win32_1.2.0.202410251133/tools/bin/../lib/gcc/arm-none-eabi/10.3.1/thumb/v7-m/nofp/crti.o
                0x000000000800ee34                _init
 .init          0x000000000800ee38        0x8 F:/stm32cube/STM32CubeIDE_1.17.0/STM32CubeIDE/plugins/com.st.stm32cube.ide.mcu.externaltools.gnu-tools-for-stm32.10.3-2021.10.win32_1.2.0.202410251133/tools/bin/../lib/gcc/arm-none-eabi/10.3.1/thumb/v7-m/nofp/crtn.o
 *(.fini)
 .fini          0x000000000800ee40        0x4 F:/stm32cube/STM32CubeIDE_1.17.0/STM32CubeIDE/plugins/com.st.stm32cube.ide.mcu.externaltools.gnu-tools-for-stm32.10.3-2021.10.win32_1.2.0.202410251133/tools/bin/../lib/gcc/arm-none-eabi/10.3.1/thumb/v7-m/nofp/crti.o
                0x000000000800ee40                _fini
 .fini          0x000000000800ee44        0x8 F:/stm32cube/STM32CubeIDE_1.17.0/STM32CubeIDE/plugins/com.st.stm32cube.ide.mcu.externaltools.gnu-tools-for-stm32.10.3-2021.10.win32_1.2.0.202410251133/tools/bin/../lib/gcc/arm-none-eabi/10.3.1/thumb/v7-m/nofp/crtn.o
                0x000000000800ee4c                . = ALIGN (0x4)
                0x000000000800ee4c                _etext = .

.vfp11_veneer   0x000000000800ee4c        0x0
 .vfp11_veneer  0x000000000800ee4c        0x0 linker stubs

.v4_bx          0x000000000800ee4c        0x0
 .v4_bx         0x000000000800ee4c        0x0 linker stubs

.iplt           0x000000000800ee4c        0x0
 .iplt          0x000000000800ee4c        0x0 F:/stm32cube/STM32CubeIDE_1.17.0/STM32CubeIDE/plugins/com.st.stm32cube.ide.mcu.externaltools.gnu-tools-for-stm32.10.3-2021.10.win32_1.2.0.202410251133/tools/bin/../lib/gcc/arm-none-eabi/10.3.1/thumb/v7-m/nofp/crtbegin.o

.rodata         0x000000000800ee50     0x354c
                0x000000000800ee50                . = ALIGN (0x4)
 *(.rodata)
 .rodata        0x000000000800ee50       0xe2 ./Core/Src/main.o
 *fill*         0x000000000800ef32        0x2 
 .rodata        0x000000000800ef34        0xc ./Drivers/BSP/LCD/lcd.o
 *(.rodata*)
 .rodata.AHBPrescTable
                0x000000000800ef40       0x10 ./Core/Src/system_stm32f1xx.o
                0x000000000800ef40                AHBPrescTable
 .rodata.APBPrescTable
                0x000000000800ef50        0x8 ./Core/Src/system_stm32f1xx.o
                0x000000000800ef50                APBPrescTable
 .rodata.asc2_1206
                0x000000000800ef58      0x474 ./Drivers/BSP/LCD/lcd.o
                0x000000000800ef58                asc2_1206
 .rodata.asc2_1608
                0x000000000800f3cc      0x5f0 ./Drivers/BSP/LCD/lcd.o
                0x000000000800f3cc                asc2_1608
 .rodata.asc2_2412
                0x000000000800f9bc      0xd5c ./Drivers/BSP/LCD/lcd.o
                0x000000000800f9bc                asc2_2412
 .rodata.asc2_3216
                0x0000000008010718     0x17c0 ./Drivers/BSP/LCD/lcd.o
                0x0000000008010718                asc2_3216
 .rodata.aPLLMULFactorTable.1
                0x0000000008011ed8       0x10 ./Drivers/STM32F1xx_HAL_Driver/Src/stm32f1xx_hal_rcc.o
 .rodata.aPredivFactorTable.0
                0x0000000008011ee8        0x2 ./Drivers/STM32F1xx_HAL_Driver/Src/stm32f1xx_hal_rcc.o
 *fill*         0x0000000008011eea        0x2 
 .rodata._global_impure_ptr
                0x0000000008011eec        0x4 F:/stm32cube/STM32CubeIDE_1.17.0/STM32CubeIDE/plugins/com.st.stm32cube.ide.mcu.externaltools.gnu-tools-for-stm32.10.3-2021.10.win32_1.2.0.202410251133/tools/bin/../lib/gcc/arm-none-eabi/10.3.1/../../../../arm-none-eabi/lib/thumb/v7-m/nofp\libc_nano.a(lib_a-impure.o)
                0x0000000008011eec                _global_impure_ptr
 .rodata._printf_float.str1.1
                0x0000000008011ef0       0x12 F:/stm32cube/STM32CubeIDE_1.17.0/STM32CubeIDE/plugins/com.st.stm32cube.ide.mcu.externaltools.gnu-tools-for-stm32.10.3-2021.10.win32_1.2.0.202410251133/tools/bin/../lib/gcc/arm-none-eabi/10.3.1/../../../../arm-none-eabi/lib/thumb/v7-m/nofp\libc_nano.a(lib_a-nano-vfprintf_float.o)
 .rodata._printf_i.str1.1
                0x0000000008011f02       0x22 F:/stm32cube/STM32CubeIDE_1.17.0/STM32CubeIDE/plugins/com.st.stm32cube.ide.mcu.externaltools.gnu-tools-for-stm32.10.3-2021.10.win32_1.2.0.202410251133/tools/bin/../lib/gcc/arm-none-eabi/10.3.1/../../../../arm-none-eabi/lib/thumb/v7-m/nofp\libc_nano.a(lib_a-nano-vfprintf_i.o)
 .rodata._scanf_float.str1.1
                0x0000000008011f24        0x5 F:/stm32cube/STM32CubeIDE_1.17.0/STM32CubeIDE/plugins/com.st.stm32cube.ide.mcu.externaltools.gnu-tools-for-stm32.10.3-2021.10.win32_1.2.0.202410251133/tools/bin/../lib/gcc/arm-none-eabi/10.3.1/../../../../arm-none-eabi/lib/thumb/v7-m/nofp\libc_nano.a(lib_a-nano-vfscanf_float.o)
                                          0x6 (size before relaxing)
 .rodata._strtod_l.str1.1
                0x0000000008011f29        0x5 F:/stm32cube/STM32CubeIDE_1.17.0/STM32CubeIDE/plugins/com.st.stm32cube.ide.mcu.externaltools.gnu-tools-for-stm32.10.3-2021.10.win32_1.2.0.202410251133/tools/bin/../lib/gcc/arm-none-eabi/10.3.1/../../../../arm-none-eabi/lib/thumb/v7-m/nofp\libc_nano.a(lib_a-strtod.o)
                                          0xd (size before relaxing)
 *fill*         0x0000000008011f29        0x3 